******************************************************************************
                  TI ARM Linker Unix v20.2.5                   
******************************************************************************
>> Linked Fri Feb 25 14:15:17 2022

OUTPUT FILE NAME:   <nvsexternal_CC1352R1_LAUNCHXL_tirtos_ccs.out>
ENTRY POINT SYMBOL: "ResetISR"  address: 00005ed1


MEMORY CONFIGURATION

         name            origin    length      used     unused   attr    fill
----------------------  --------  ---------  --------  --------  ----  --------
  FLASH                 00000000   00058000  00008e40  0004f1c0  R  X
  GPRAM                 11000000   00002000  00000000  00002000  RW X
  SRAM                  20000000   00014000  00005c29  0000e3d7  RW X
  LOG_DATA              90000000   00040000  00000000  00040000  R   


SEGMENT ALLOCATION MAP

run origin  load origin   length   init length attrs members
----------  ----------- ---------- ----------- ----- -------
00000000    00000000    00008de8   00008de8    r-x
  00000000    00000000    0000003c   0000003c    r-- .resetVecs
  0000003c    0000003c    000082b4   000082b4    r-x .text
  000082f0    000082f0    00000860   00000860    r-- .const
  00008b50    00008b50    00000298   00000298    r-- .cinit
00057fa8    00057fa8    00000058   00000058    r--
  00057fa8    00057fa8    00000058   00000058    r-- .ccfg
20000100    20000100    000016f9   00000000    rw-
  20000100    20000100    00000004   00000000    rw- .data:xdcRomConstPtr
  20000104    20000104    00000004   00000000    rw- .data:xdcRomExternFuncPtr
  20000108    20000108    00000004   00000000    rw- .data:xdcRomStatePtr
  20000110    20000110    00000ee4   00000000    rw- .bss
  20000ff8    20000ff8    00000801   00000000    rw- .data
20001830    20001830    00000010   00000000    rw-
  20001830    20001830    00000010   00000000    rw- .TI.bound:dmaSpi0RxControlTableEntry
20001840    20001840    00000010   00000000    rw-
  20001840    20001840    00000010   00000000    rw- .TI.bound:dmaSpi0TxControlTableEntry
20001850    20001850    00000010   00000000    rw-
  20001850    20001850    00000010   00000000    rw- .TI.bound:dmaUart1RxControlTableEntry
20001860    20001860    00000010   00000000    rw-
  20001860    20001860    00000010   00000000    rw- .TI.bound:dmaUart1TxControlTableEntry
20001a30    20001a30    00000010   00000000    rw-
  20001a30    20001a30    00000010   00000000    rw- .TI.bound:dmaSpi0RxAltControlTableEntry
20001a40    20001a40    00000010   00000000    rw-
  20001a40    20001a40    00000010   00000000    rw- .TI.bound:dmaSpi0TxAltControlTableEntry
20001a50    20001a50    00004000   00000000    r--
  20001a50    20001a50    00004000   00000000    r-- .priheap
20013c00    20013c00    00000400   00000000    rw-
  20013c00    20013c00    00000400   00000000    rw- .stack


SECTION ALLOCATION MAP

 output                                  attributes/
section   page    origin      length       input sections
--------  ----  ----------  ----------   ----------------
.binit     0    00000000    00000000     

.cinit     0    00008b50    00000298     
                  00008b50    000001e0     (.cinit..data.load) [load image, compression = lzss]
                  00008d30    0000000c     (__TI_handler_table)
                  00008d3c    00000004     --HOLE-- [fill = 0]
                  00008d40    00000008     (.cinit..TI.bound:dmaSpi0RxAltControlTableEntry.load) [load image, compression = zero_init]
                  00008d48    00000008     (.cinit..TI.bound:dmaSpi0RxControlTableEntry.load) [load image, compression = zero_init]
                  00008d50    00000008     (.cinit..TI.bound:dmaSpi0TxAltControlTableEntry.load) [load image, compression = zero_init]
                  00008d58    00000008     (.cinit..TI.bound:dmaSpi0TxControlTableEntry.load) [load image, compression = zero_init]
                  00008d60    00000008     (.cinit..TI.bound:dmaUart1RxControlTableEntry.load) [load image, compression = zero_init]
                  00008d68    00000008     (.cinit..TI.bound:dmaUart1TxControlTableEntry.load) [load image, compression = zero_init]
                  00008d70    00000008     (.cinit..bss.load) [load image, compression = zero_init]
                  00008d78    00000008     (.cinit..data:xdcRomConstPtr.load) [load image, compression = lzss]
                  00008d80    00000008     (.cinit..data:xdcRomExternFuncPtr.load) [load image, compression = lzss]
                  00008d88    00000008     (.cinit..data:xdcRomStatePtr.load) [load image, compression = lzss]
                  00008d90    00000058     (__TI_cinit_table)

.init_array 
*          0    00000000    00000000     UNINITIALIZED

.ccfg      0    00057fa8    00000058     
                  00057fa8    00000058     ti_devices_config.obj (.ccfg:retain)

.bss       0    20000110    00000ee4     UNINITIALIZED
                  20000110    00000400     ti_drivers_config.obj (.bss:displayUART2Buffer)
                  20000510    00000200     release_pem4f.oem4f (.bss:taskStackSection)
                  20000710    000001f8     (.common:uart2CC26X2Objects)
                  20000908    00000120     rtsv7M4_T_le_v4SPD16_eabi.lib : trgmsg.c.obj (.bss:_CIOBUF_)
                  20000a28    00000100     ti_drivers_config.obj (.bss:verifyBuf)
                  20000b28    00000100     (.common:spiCC26X2DMAObjects)
                  20000c28    000000d8     (.common:ti_sysbios_family_arm_m3_Hwi_dispatchTable)
                  20000d00    000000a0     (.common:__TI_tmpnams)
                  20000da0    00000098     nvsexternal.obj (.bss:$O1$$)
                  20000e38    0000007c     (.common:gpioCallbackFunctions)
                  20000eb4    0000007c     (.common:gpioUserArgs)
                  20000f30    00000020     ti_drivers_config.obj (.bss:uart2RxRingBuffer0)
                  20000f50    00000020     ti_drivers_config.obj (.bss:uart2TxRingBuffer0)
                  20000f70    00000020     (.common:udmaCC26XXObject)
                  20000f90    0000001c     drivers_cc13x2.a : GPIOCC26XX.oem4f (.bss:gpioHwi)
                  20000fac    00000010                      : NVSSPI25X.oem4f (.bss:spiHandles)
                  20000fbc    0000000c                      : NVSSPI25X.oem4f (.bss)
                  20000fc8    0000000c     (.common:displayUart2Object)
                  20000fd4    0000000c     (.common:nvsSPI25XObjects)
                  20000fe0    00000008     (.common:parmbuf)
                  20000fe8    00000004                      : NVSSPI25X.oem4f (.bss:spiHandleUsers)
                  20000fec    00000004     (.common:PowerCC26XX_swiKey)
                  20000ff0    00000004     (.common:PowerCC26XX_taskKey)

.data      0    20000ff8    00000801     UNINITIALIZED
                  20000ff8    00000170     drivers_cc13x2.a : PowerCC26X2.oem4f (.data:PowerCC26X2_module)
                  20001168    0000010c     release_pem4f.oem4f (.data:ROM_stateStruct)
                  20001274    000000f0     rtsv7M4_T_le_v4SPD16_eabi.lib : defs.c.obj (.data:_ftable)
                  20001364    000000b4     rom_sysbios.aem4f : rom_sysbios.obj (.data:$O1$$)
                  20001418    0000007c     ti_drivers_config.obj (.data:gpioPinConfigs)
                  20001494    00000078     rtsv7M4_T_le_v4SPD16_eabi.lib : host_device.c.obj (.data:_device)
                  2000150c    00000050                                   : host_device.c.obj (.data:_stream)
                  2000155c    0000004c     release_pem4f.oem4f (.data:ti_sysbios_knl_Task_Object__table__V)
                  200015a8    00000048     release_pem4f.oem4f (.data:ti_sysbios_family_arm_cc26xx_Timer_Object__table__V)
                  200015f0    00000038     release_pem4f.oem4f (.data:ti_sysbios_gates_GateMutex_Object__table__V)
                  20001628    00000030     release_pem4f.oem4f (.data:ti_sysbios_knl_Swi_Module_State_0_readyQ__A)
                  20001658    00000030     release_pem4f.oem4f (.data:ti_sysbios_knl_Swi_Object__table__V)
                  20001688    00000030     release_pem4f.oem4f (.data:ti_sysbios_knl_Task_Module_State_0_readyQ__A)
                  200016b8    00000024     driverlib.lib : osc.obj (.data:$O1$$)
                  200016dc    00000020     release_pem4f.oem4f (.data:ti_sysbios_knl_Clock_Object__table__V)
                  200016fc    00000020     release_pem4f.oem4f (.data:xdc_runtime_Error_IgnoreBlock)
                  2000171c    00000018     release_pem4f.oem4f (.data:ti_sysbios_family_arm_m3_Hwi_Object__table__V)
                  20001734    00000018     release_pem4f.oem4f (.data:ti_sysbios_heaps_HeapMem_Object__table__V)
                  2000174c    00000010     rtsv7M4_T_le_v4SPD16_eabi.lib : defs.c.obj (.data)
                  2000175c    0000000c                                   : exit.c.obj (.data:$O1$$)
                  20001768    00000008                                   : _lock.c.obj (.data:$O1$$)
                  20001770    00000008     release_pem4f.oem4f (.data:ti_sysbios_family_arm_m3_Hwi_Module__root__V)
                  20001778    00000008     release_pem4f.oem4f (.data:ti_sysbios_gates_GateHwi_Module__root__V)
                  20001780    00000008     release_pem4f.oem4f (.data:ti_sysbios_gates_GateMutex_Module__root__V)
                  20001788    00000008     release_pem4f.oem4f (.data:ti_sysbios_hal_Hwi_Module__root__V)
                  20001790    00000008     release_pem4f.oem4f (.data:ti_sysbios_heaps_HeapMem_Module__root__V)
                  20001798    00000008     release_pem4f.oem4f (.data:ti_sysbios_knl_Clock_Module__root__V)
                  200017a0    00000008     release_pem4f.oem4f (.data:ti_sysbios_knl_Event_Module__root__V)
                  200017a8    00000008     release_pem4f.oem4f (.data:ti_sysbios_knl_Mailbox_Module__root__V)
                  200017b0    00000008     release_pem4f.oem4f (.data:ti_sysbios_knl_Queue_Module__root__V)
                  200017b8    00000008     release_pem4f.oem4f (.data:ti_sysbios_knl_Semaphore_Module__root__V)
                  200017c0    00000008     release_pem4f.oem4f (.data:ti_sysbios_knl_Swi_Module__root__V)
                  200017c8    00000008     release_pem4f.oem4f (.data:ti_sysbios_knl_Task_Module__root__V)
                  200017d0    00000008     release_pem4f.oem4f (.data:xdc_runtime_System_Module_State_0_atexitHandlers__A)
                  200017d8    00000004     rtsv7M4_T_le_v4SPD16_eabi.lib : fopen.c.obj (.data)
                  200017dc    00000004                                   : open.c.obj (.data)
                  200017e0    00000004                                   : stkdepth_vars.c.obj (.data)
                  200017e4    00000004                                   : vla_alloc.c.obj (.data)
                  200017e8    00000004     release_pem4f.oem4f (.data:ti_sysbios_family_arm_m3_Hwi_Module_State_0_excContext__A)
                  200017ec    00000004     release_pem4f.oem4f (.data:ti_sysbios_family_arm_m3_Hwi_Module_State_0_excStack__A)
                  200017f0    00000004     release_pem4f.oem4f (.data:ti_sysbios_knl_Task_Module_State_0_idleTask__A)
                  200017f4    00000002     release_pem4f.oem4f (.data:ti_sysbios_family_arm_m3_Hwi_Module_State_0_excActive__A)
                  200017f6    00000001     drivers_cc13x2.a : GPIOCC26XX.oem4f (.data)
                  200017f7    00000001                      : NVS.oem4f (.data)
                  200017f8    00000001                      : SPI.oem4f (.data)

.stack     0    20013c00    00000400     UNINITIALIZED
                  20013c00    00000400     --HOLE--

.priheap   0    20001a50    00004000     UNINITIALIZED
                  20001a50    00004000     --HOLE--

.log_data 
*          0    90000000    00000000     COPY SECTION

.data:xdcRomConstPtr 
*          0    20000100    00000004     UNINITIALIZED
                  20000100    00000004     release_pem4f.oem4f (.data:xdcRomConstPtr)

.data:xdcRomExternFuncPtr 
*          0    20000104    00000004     UNINITIALIZED
                  20000104    00000004     release_pem4f.oem4f (.data:xdcRomExternFuncPtr)

.data:xdcRomStatePtr 
*          0    20000108    00000004     UNINITIALIZED
                  20000108    00000004     release_pem4f.oem4f (.data:xdcRomStatePtr)

.bootVecs 
*          0    00000000    00000008     DSECT
                  00000000    00000008     boot.aem4f : boot.oem4f (.bootVecs)

.resetVecs 
*          0    00000000    0000003c     
                  00000000    0000003c     release_pem4f.oem4f (.resetVecs)

.vecs      0    20000000    000000d8     NOLOAD SECTION
                  20000000    000000d8     release_pem4f.oem4f (.vecs)

xdc.meta   0    00000000    0000010f     COPY SECTION
                  00000000    0000010f     release_pem4f.oem4f (xdc.meta)

xdc.noload 
*          0    00000000    00000000     COPY SECTION

__llvm_prf_cnts 
*          0    20000000    00000000     UNINITIALIZED

.TI.bound:dmaSpi0RxControlTableEntry 
*          0    20001830    00000010     UNINITIALIZED
                  20001830    00000010     ti_drivers_config.obj (.TI.bound:dmaSpi0RxControlTableEntry)

.TI.bound:dmaSpi0TxControlTableEntry 
*          0    20001840    00000010     UNINITIALIZED
                  20001840    00000010     ti_drivers_config.obj (.TI.bound:dmaSpi0TxControlTableEntry)

.TI.bound:dmaUart1RxControlTableEntry 
*          0    20001850    00000010     UNINITIALIZED
                  20001850    00000010     ti_drivers_config.obj (.TI.bound:dmaUart1RxControlTableEntry)

.TI.bound:dmaUart1TxControlTableEntry 
*          0    20001860    00000010     UNINITIALIZED
                  20001860    00000010     ti_drivers_config.obj (.TI.bound:dmaUart1TxControlTableEntry)

.TI.bound:dmaSpi0RxAltControlTableEntry 
*          0    20001a30    00000010     UNINITIALIZED
                  20001a30    00000010     ti_drivers_config.obj (.TI.bound:dmaSpi0RxAltControlTableEntry)

.TI.bound:dmaSpi0TxAltControlTableEntry 
*          0    20001a40    00000010     UNINITIALIZED
                  20001a40    00000010     ti_drivers_config.obj (.TI.bound:dmaSpi0TxAltControlTableEntry)

.text      0    0000003c    000082b4     
                  0000003c    00000a4e     rtsv7M4_T_le_v4SPD16_eabi.lib : _printfi.c.obj (.text:__TI_printfi)
                  00000a8a    00000002     ti_drivers_config.obj (.text:Board_initHook)
                  00000a8c    0000056c     nvsexternal.obj (.text:mainThread)
                  00000ff8    0000033c     drivers_cc13x2.a : SPICC26X2DMA.oem4f (.text:SPICC26X2DMA_transfer)
                  00001334    00000278                      : UART2.oem4f (.text:UART2_writeTimeout)
                  000015ac    00000270     rtsv7M4_T_le_v4SPD16_eabi.lib : _printfi.c.obj (.text:_pconv_a)
                  0000181c    000001f4     drivers_cc13x2.a : UART2CC26X2.oem4f (.text:UART2CC26X2_hwiIntFxn)
                  00001a10    000001f2                      : SPICC26X2DMA.oem4f (.text:SPICC26X2DMA_hwiFxn)
                  00001c02    00000002     display_cc13x2.a : DisplayUart2.oem4f (.text:DisplayUart2Min_clear)
                  00001c04    000001dc     drivers_cc13x2.a : UART2CC26X2.oem4f (.text:UART2_open)
                  00001de0    000001d0     rtsv7M4_T_le_v4SPD16_eabi.lib : _printfi.c.obj (.text:_pconv_g)
                  00001fb0    000001b6                                   : fd_add_t2.asm.obj (.text)
                  00002166    00000002     display_cc13x2.a : DisplayUart2.oem4f (.text:DisplayUart2Min_clearLines)
                  00002168    00000198     drivers_cc13x2.a : PowerCC26X2.oem4f (.text:Power_sleep)
                  00002300    00000190                      : PowerCC26X2_calibrateRCOSC.oem4f (.text:calibrateRcoscHf1)
                  00002490    0000018c                      : PowerCC26X2_calibrateRCOSC.oem4f (.text:runCalibrateFsm)
                  0000261c    00000188     release_pem4f.oem4f (.text:xdc_runtime_System_printfExtend__I)
                  000027a4    00000170     drivers_cc13x2.a : SPICC26X2DMA.oem4f (.text:SPICC26X2DMA_transferCancel)
                  00002914    0000016c                      : PowerCC26X2.oem4f (.text:Power_init)
                  00002a80    00000168                      : NVSSPI25X.oem4f (.text:NVSSPI25X_write)
                  00002be8    0000014c     rtsv7M4_T_le_v4SPD16_eabi.lib : vla_alloc.c.obj (.text:__vla_alloc)
                  00002d34    0000013c                                   : _printfi.c.obj (.text:_pconv_e)
                  00002e70    00000136                                   : fd_div_t2.asm.obj (.text)
                  00002fa6    00000002     display_cc13x2.a : DisplayUart2.oem4f (.text:DisplayUart2Min_init)
                  00002fa8    00000130     drivers_cc13x2.a : SPICC26X2DMA.oem4f (.text:configNextTransfer)
                  000030d8    0000012c                      : UART2CC26X2.oem4f (.text:UART2CC26X2_initHw)
                  00003204    00000128                      : SPICC26X2DMA.oem4f (.text:SPICC26X2DMA_open)
                  0000332c    00000124     rtsv7M4_T_le_v4SPD16_eabi.lib : _printfi.c.obj (.text:fcvt)
                  00003450    00000120     drivers_cc13x2.a : PowerCC26X2.oem4f (.text:configureXOSCHF)
                  00003570    00000110     rtsv7M4_T_le_v4SPD16_eabi.lib : fopen.c.obj (.text:_openfile)
                  00003680    00000110                                   : s_scalbn.c.obj (.text:scalbn)
                  00003790    000000fc                                   : fd_mul_t2.asm.obj (.text)
                  0000388c    000000f8     drivers_cc13x2.a : NVSSPI25X.oem4f (.text:NVSSPI25X_open)
                  00003984    000000f8     rtsv7M4_T_le_v4SPD16_eabi.lib : fread.c.obj (.text:fread)
                  00003a7c    000000f0     driverlib.lib : sys_ctrl.obj (.text:NOROM_SysCtrlStandby)
                  00003b6c    000000ee     drivers_cc13x2.a : SPICC26X2DMA.oem4f (.text:SPICC26X2DMA_control)
                  00003c5a    00000002                      : NVSSPI25X.oem4f (.text:NVSSPI25X_deinitSpiCs)
                  00003c5c    000000ec     rom_sysbios.aem4f : rom_sysbios.obj (.text:pthread_create)
                  00003d48    000000e8     drivers_cc13x2.a : GPIOCC26XX.oem4f (.text:GPIO_init)
                  00003e30    000000e8                      : UART2CC26X2.oem4f (.text:UART2Support_dmaStartRx)
                  00003f18    000000dc     rtsv7M4_T_le_v4SPD16_eabi.lib : setvbuf.c.obj (.text:setvbuf)
                  00003ff4    000000c8     dpl_cc13x2.a : PowerCC26X2_tirtos.oem4f (.text:PowerCC26XX_standbyPolicy)
                  000040bc    000000c0     drivers_cc13x2.a : PowerCC26X2.oem4f (.text:Power_releaseDependency)
                  0000417c    000000bc     driverlib.lib : setup.obj (.text:NOROM_SetupTrimDevice)
                  00004238    000000bc     rtsv7M4_T_le_v4SPD16_eabi.lib : open.c.obj (.text:open)
                  000042f4    000000b8     drivers_cc13x2.a : PowerCC26X2.oem4f (.text:Power_setDependency)
                  000043ac    000000b8                      : NVSSPI25X.oem4f (.text:doErase)
                  00004464    000000b1     rtsv7M4_T_le_v4SPD16_eabi.lib : _printfi.c.obj (.text:_ltostr)
                  00004515    00000001     --HOLE-- [fill = 0]
                  00004516    00000002     drivers_cc13x2.a : UART2CC26X2.oem4f (.text:UART2CC26X2_eventCallback)
                  00004518    000000b0     driverlib.lib : setup.obj (.text:TrimAfterColdResetWakeupFromShutDown)
                  000045c8    000000ac     drivers_cc13x2.a : UART2CC26X2.oem4f (.text:UART2Support_dmaStartTx)
                  00004674    000000a0                      : UART2CC26X2.oem4f (.text:UART2_close)
                  00004714    000000a0     auto_init.aem4f : auto_init.oem4f (.text)
                  000047b4    000000a0     rom_sysbios.aem4f : rom_sysbios.obj (.text:ti_sysbios_knl_Task_setPri__E)
                  00004854    0000009c     rtsv7M4_T_le_v4SPD16_eabi.lib : _bufread.c.obj (.text:__TI_buff_read)
                  000048f0    0000009c                                   : fopen.c.obj (.text:fopen)
                  0000498c    0000009c                                   : memcpy_t2.asm.obj (.text)
                  00004a28    00000096                                   : ull_div_t2.asm.obj (.text)
                  00004abe    00000002                                   : _lock.c.obj (.text:_nop)
                  00004ac0    00000088     driverlib.lib : osc.obj (.text:NOROM_OSCHF_AttemptToSwitchToXosc)
                  00004b48    00000088     rom_sysbios.aem4f : rom_sysbios.obj (.text:_pthread_removeThreadKeys)
                  00004bd0    00000088     drivers_cc13x2.a : PowerCC26X2_calibrateRCOSC.oem4f (.text:calibrateRcoscHf2)
                  00004c58    00000088                      : PowerCC26X2.oem4f (.text:disableLFClockQualifiers)
                  00004ce0    00000088                      : PowerCC26X2_calibrateRCOSC.oem4f (.text:updateSubSecInc)
                  00004d68    00000086     rtsv7M4_T_le_v4SPD16_eabi.lib : fd_cmp_t2.asm.obj (.text:__aeabi_cdcmple)
                  00004dee    00000086                                   : fd_cmp_t2.asm.obj (.text:__aeabi_cdrcmple)
                  00004e74    00000084     drivers_cc13x2.a : NVSSPI25X.oem4f (.text:NVSSPI25X_close)
                  00004ef8    00000084                      : SPICC26X2DMA.oem4f (.text:initIO)
                  00004f7c    00000084     rom_sysbios.aem4f : rom_sysbios.obj (.text:ti_sysbios_family_arm_m3_Hwi_excHandlerMin__I)
                  00005000    00000080     driverlib.lib : sys_ctrl.obj (.text:NOROM_SysCtrlSetRechargeBeforePowerDown)
                  00005080    00000080     rom_sysbios.aem4f : rom_sysbios.obj (.text:ti_sysbios_family_arm_cc26xx_Timer_start__E)
                  00005100    0000007c     drivers_cc13x2.a : NVSSPI25X.oem4f (.text:doRead)
                  0000517c    0000007a     rtsv7M4_T_le_v4SPD16_eabi.lib : memset_t2.asm.obj (.text)
                  000051f6    00000002     drivers_cc13x2.a : PowerCC26X2.oem4f (.text:emptyClockFunc)
                  000051f8    00000078     rtsv7M4_T_le_v4SPD16_eabi.lib : vla_alloc.c.obj (.text:_ZN33_INTERNAL_11_vla_alloc_c_be8bd49b21free_dead_allocationsEPv)
                  00005270    00000078     drivers_cc13x2.a : NVSSPI25X.oem4f (.text:doWriteVerify)
                  000052e8    00000076                      : UART2CC26X2.oem4f (.text:UART2CC26X2_readCallback)
                  0000535e    00000076     rom_sysbios.aem4f : rom_sysbios.obj (.text:ti_sysbios_heaps_HeapMem_allocUnprotected__E)
                  000053d4    00000074     drivers_cc13x2.a : PowerCC26X2_calibrateRCOSC.oem4f (.text:PowerCC26X2_auxISR)
                  00005448    00000074     rtsv7M4_T_le_v4SPD16_eabi.lib : fclose.c.obj (.text:__TI_closefile)
                  000054bc    00000070                                   : vla_alloc.c.obj (.text:__vla_dealloc)
                  0000552c    0000006e                                   : _printfi.c.obj (.text:_mcpy)
                  0000559a    00000002                                   : div0.asm.obj (.text)
                  0000559c    0000006d     rom_sysbios.aem4f : rom_sysbios.obj (.text:xdc_runtime_System_formatNum__I)
                  00005609    00000001     --HOLE-- [fill = 0]
                  0000560a    00000002     release_pem4f.oem4f (.text:ti_sysbios_BIOS_nullFunc__I)
                  0000560c    0000006c     drivers_cc13x2.a : GPIOCC26XX.oem4f (.text:GPIO_setConfig)
                  00005678    0000006c     rtsv7M4_T_le_v4SPD16_eabi.lib : hostrename.c.obj (.text:HOSTrename)
                  000056e4    0000006c     drivers_cc13x2.a : UART2CC26X2.oem4f (.text:UART2Support_dmaStopTx)
                  00005750    0000006c                      : SPICC26X2DMA.oem4f (.text:csnCallback)
                  000057bc    00000068     rtsv7M4_T_le_v4SPD16_eabi.lib : hostlseek.c.obj (.text:HOSTlseek)
                  00005824    00000068     driverlib.lib : osc.obj (.text:NOROM_OSCHF_SwitchToRcOscTurnOffXosc)
                  0000588c    00000068     rtsv7M4_T_le_v4SPD16_eabi.lib : copy_decompress_lzss.c.obj (.text:decompress:lzss:__TI_decompress_lzss)
                  000058f4    00000064     drivers_cc13x2.a : UART2CC26X2.oem4f (.text:UART2Support_dmaStopRx)
                  00005958    00000064     rtsv7M4_T_le_v4SPD16_eabi.lib : s_frexp.c.obj (.text:frexp)
                  000059bc    00000064                                   : fseek.c.obj (.text:fseek)
                  00005a20    00000064                                   : ftell.c.obj (.text:ftell)
                  00005a84    00000060                                   : hostopen.c.obj (.text:HOSTopen)
                  00005ae4    00000060     main_tirtos.obj (.text:main)
                  00005b44    0000005c     display_cc13x2.a : Display.oem4f (.text:Display_doOpen)
                  00005ba0    0000005c     drivers_cc13x2.a : UART2.oem4f (.text:UART2_readCancel)
                  00005bfc    0000005c     rtsv7M4_T_le_v4SPD16_eabi.lib : close.c.obj (.text:close)
                  00005c58    0000005c     drivers_cc13x2.a : SPICC26X2DMA.oem4f (.text:initHw)
                  00005cb4    0000005c     rom_sysbios.aem4f : rom_sysbios.obj (.text:ti_sysbios_heaps_HeapMem_initPrimary__I)
                  00005d10    0000005c     release_pem4f.oem4f (.text:xdc_runtime_Startup_getState__I)
                  00005d6c    0000005a     drivers_cc13x2.a : UART2.oem4f (.text:UART2_writeCancel)
                  00005dc6    00000002     rom_sysbios.aem4f : rom_sysbios.obj (.text:xdc_runtime_SysCallback_defaultAbort)
                  00005dc8    00000058     rtsv7M4_T_le_v4SPD16_eabi.lib : hostread.c.obj (.text:HOSTread)
                  00005e20    00000058                                   : hostwrite.c.obj (.text:HOSTwrite)
                  00005e78    00000058     drivers_cc13x2.a : PowerCC26X2_calibrateRCOSC.oem4f (.text:PowerCC26X2_initiateCalibration)
                  00005ed0    00000058     boot.aem4f : boot.oem4f (.text)
                  00005f28    00000058     drivers_cc13x2.a : NVSSPI25X.oem4f (.text:extFlashWaitReady)
                  00005f80    00000058     rom_sysbios.aem4f : rom_sysbios.obj (.text:pthread_exit)
                  00005fd8    00000058                       : rom_sysbios.obj (.text:ti_sysbios_heaps_HeapMem_alloc__E)
                  00006030    00000056     ti_drivers_config.obj (.text:Board_sendExtFlashByte)
                  00006086    00000056     rtsv7M4_T_le_v4SPD16_eabi.lib : _printfi.c.obj (.text:_pconv_f)
                  000060dc    00000054     ti_drivers_config.obj (.text:Board_shutDownExtFlash)
                  00006130    00000054     driverlib.lib : prcm.obj (.text:NOROM_PRCMPowerDomainsAllOff)
                  00006184    00000054     dpl_cc13x2.a : SwiP_tirtos.oem4f (.text:SwiP_construct)
                  000061d8    00000054     rtsv7M4_T_le_v4SPD16_eabi.lib : _ltoa.c.obj (.text:__TI_ltoa)
                  0000622c    00000052     drivers_cc13x2.a : SPICC26X2DMA.oem4f (.text:SPICC26X2DMA_close)
                  0000627e    00000052     rtsv7M4_T_le_v4SPD16_eabi.lib : _printfi.c.obj (.text:_ecpy)
                  000062d0    00000050     drivers_cc13x2.a : GPIOCC26XX.oem4f (.text:GPIO_hwiIntFxn)
                  00006320    00000050                      : NVSSPI25X.oem4f (.text:extFlashSpiWrite)
                  00006370    0000004c     driverlib.lib : prcm.obj (.text:NOROM_PRCMPowerDomainsAllOn)
                  000063bc    0000004c     drivers_cc13x2.a : UDMACC26XX.oem4f (.text:UDMACC26XX_open)
                  00006408    0000004c     rtsv7M4_T_le_v4SPD16_eabi.lib : fflush.c.obj (.text:__TI_doflush)
                  00006454    0000004c                                   : atoi.c.obj (.text:atoi)
                  000064a0    0000004c                                   : cpy_tbl.c.obj (.text:copy_in)
                  000064ec    0000004c                                   : snprintf.c.obj (.text:snprintf)
                  00006538    0000004a                                   : _io_perm.c.obj (.text:__TI_rd_ok)
                  00006582    00000048     display_cc13x2.a : DisplayUart2.oem4f (.text:DisplayUart2Min_vprintf)
                  000065ca    00000002     rom_sysbios.aem4f : rom_sysbios.obj (.text:xdc_runtime_SysCallback_defaultExit)
                  000065cc    00000048     drivers_cc13x2.a : NVSSPI25X.oem4f (.text:NVSSPI25X_read)
                  00006614    00000048                      : NVS.oem4f (.text:NVS_open)
                  0000665c    00000048                      : PowerCC26X2_calibrateRCOSC.oem4f (.text:PowerCC26X2_RCOSC_clockFunc)
                  000066a4    00000048                      : NVSSPI25X.oem4f (.text:extFlashMassErase)
                  000066ec    00000048     rtsv7M4_T_le_v4SPD16_eabi.lib : fd_toi_t2.asm.obj (.text)
                  00006734    00000048     drivers_cc13x2.a : PowerCC26X2.oem4f (.text:switchXOSCHF)
                  0000677c    00000046                      : RingBuf.oem4f (.text:RingBuf_put)
                  000067c2    00000002     rom_sysbios.aem4f : rom_sysbios.obj (.text:xdc_runtime_SysCallback_defaultFlush)
                  000067c4    00000044     rtsv7M4_T_le_v4SPD16_eabi.lib : hostclose.c.obj (.text:HOSTclose)
                  00006808    00000044                                   : hostunlink.c.obj (.text:HOSTunlink)
                  0000684c    00000044     driverlib.lib : chipinfo.obj (.text:NOROM_ChipInfo_GetHwRevision)
                  00006890    00000044     drivers_cc13x2.a : SPI.oem4f (.text:SPI_init)
                  000068d4    00000044                      : UART2CC26X2.oem4f (.text:UART2CC26X2_initIO)
                  00006918    00000044     rtsv7M4_T_le_v4SPD16_eabi.lib : getdevice.c.obj (.text:getdevice)
                  0000695c    00000044                                   : fd_tou_t2.asm.obj (.text)
                  000069a0    00000042     drivers_cc13x2.a : SPICC26X2DMA.oem4f (.text:SPICC26X2DMA_swiFxn)
                  000069e2    00000040     dpl_cc13x2.a : ClockP_tirtos.oem4f (.text:ClockP_construct)
                  00006a22    00000002     rom_sysbios.aem4f : rom_sysbios.obj (.text:xdc_runtime_SysCallback_defaultPutch)
                  00006a24    00000040     driverlib.lib : osc.obj (.text:NOROM_OSC_HPOSCRelativeFrequencyOffsetGet)
                  00006a64    00000040     drivers_cc13x2.a : SPI.oem4f (.text:SPI_open)
                  00006aa4    00000040     rtsv7M4_T_le_v4SPD16_eabi.lib : u_divt2.asm.obj (.text)
                  00006ae4    00000040     rom_sysbios.aem4f : rom_sysbios.obj (.text:ti_sysbios_family_arm_cc26xx_Timer_setThreshold__I)
                  00006b24    0000003e     display_cc13x2.a : DisplayUart2.oem4f (.text:DisplayUart2Min_open)
                  00006b62    0000003e     dpl_cc13x2.a : HwiP_tirtos.oem4f (.text:HwiP_construct)
                  00006ba0    0000003e     drivers_cc13x2.a : RingBuf.oem4f (.text:RingBuf_putAdvance)
                  00006bde    0000003e     rtsv7M4_T_le_v4SPD16_eabi.lib : _printfi.c.obj (.text:_fcpy)
                  00006c1c    0000003e     release_pem4f.oem4f (.text:realloc)
                  00006c5a    00000002     --HOLE-- [fill = 0]
                  00006c5c    0000003c     driverlib.lib : osc.obj (.text:InternCapArrayAdjustWithBaseline7001F)
                  00006c98    0000003c     drivers_cc13x2.a : UART2CC26X2.oem4f (.text:UART2CC26X2_finalizeIO)
                  00006cd4    0000003c     rom_sysbios.aem4f : rom_sysbios.obj (.text:sleep)
                  00006d10    0000003c                       : rom_sysbios.obj (.text:ti_sysbios_family_arm_m3_Hwi_construct2__E)
                  00006d4c    0000003a     drivers_cc13x2.a : NVSSPI25X.oem4f (.text:checkEraseRange)
                  00006d86    00000002     --HOLE-- [fill = 0]
                  00006d88    00000038                      : UART2CC26X2.oem4f (.text:UART2Support_sendData)
                  00006dc0    00000038     rtsv7M4_T_le_v4SPD16_eabi.lib : trgmsg.c.obj (.text:__TI_writemsg)
                  00006df8    00000038     drivers_cc13x2.a : SPICC26X2DMA.oem4f (.text:finalizeIO)
                  00006e30    00000038                      : PowerCC26X2.oem4f (.text:notify)
                  00006e68    00000038     rtsv7M4_T_le_v4SPD16_eabi.lib : fs_tod_t2.asm.obj (.text)
                  00006ea0    00000036     drivers_cc13x2.a : UART2.oem4f (.text:UART2_rxDisable)
                  00006ed6    00000036                      : UDMACC26XX.oem4f (.text:UDMACC26XX_close)
                  00006f0c    00000036     rtsv7M4_T_le_v4SPD16_eabi.lib : strncpy.c.obj (.text:strncpy)
                  00006f42    00000002     --HOLE-- [fill = 0]
                  00006f44    00000034     driverlib.lib : aux_sysif.obj (.text:NOROM_AUXSYSIFOpModeChange)
                  00006f78    00000034                   : sys_ctrl.obj (.text:NOROM_SysCtrlIdle)
                  00006fac    00000034     drivers_cc13x2.a : NVSSPI25X.oem4f (.text:NVSSPI25X_init)
                  00006fe0    00000034                      : RingBuf.oem4f (.text:RingBuf_getConsume)
                  00007014    00000034                      : RingBuf.oem4f (.text:RingBuf_putPointer)
                  00007048    00000034     rtsv7M4_T_le_v4SPD16_eabi.lib : fopen.c.obj (.text:__TI_cleanup)
                  0000707c    00000034                                   : trgmsg.c.obj (.text:__TI_readmsg)
                  000070b0    00000034     drivers_cc13x2.a : NVSSPI25X.oem4f (.text:extFlashPowerStandby)
                  000070e4    00000034                      : NVSSPI25X.oem4f (.text:extFlashWriteEnable)
                  00007118    00000032     rom_sysbios.aem4f : rom_sysbios.obj (.text:ti_sysbios_family_arm_cc26xx_Timer_setNextTick__E)
                  0000714a    00000002     --HOLE-- [fill = 0]
                  0000714c    00000030     ti_drivers_config.obj (.text:Board_wakeUpExtFlash)
                  0000717c    00000030     drivers_cc13x2.a : NVSSPI25X.oem4f (.text:NVSSPI25X_erase)
                  000071ac    00000030                      : PowerCC26X2.oem4f (.text:Power_releaseConstraint)
                  000071dc    00000030                      : PowerCC26X2.oem4f (.text:Power_setConstraint)
                  0000720c    00000030     driverlib.lib : osc.obj (.text:SpecialCapArrayWorkaroundEnabledAndNeeded)
                  0000723c    00000030     rtsv7M4_T_le_v4SPD16_eabi.lib : snprintf.c.obj (.text:_outs)
                  0000726c    00000030                                   : getdevice.c.obj (.text:finddevice)
                  0000729c    00000030     release_pem4f.oem4f (.text:ti_sysbios_BIOS_atExitFunc__I)
                  000072cc    00000030     release_pem4f.oem4f (.text:ti_sysbios_BIOS_startFunc__I)
                  000072fc    00000030     rom_sysbios.aem4f : rom_sysbios.obj (.text:ti_sysbios_family_arm_cc26xx_Timer_getCurrentTick__E)
                  0000732c    00000030                       : rom_sysbios.obj (.text:ti_sysbios_family_arm_cc26xx_Timer_initDevice__I)
                  0000735c    00000030     release_pem4f.oem4f (.text:ti_sysbios_rts_MemAlloc_alloc)
                  0000738c    0000002e     rtsv7M4_T_le_v4SPD16_eabi.lib : i_tofd_t2.asm.obj (.text)
                  000073ba    00000002     --HOLE-- [fill = 0]
                  000073bc    0000002c     drivers_cc13x2.a : GPIO.oem4f (.text:GPIO_resetConfig)
                  000073e8    0000002c                      : GPIOCC26XX.oem4f (.text:GPIO_setInterruptConfig)
                  00007414    0000002c                      : NVSSPI25X.oem4f (.text:NVSSPI25X_control)
                  00007440    0000002c                      : NVS.oem4f (.text:NVS_init)
                  0000746c    0000002c     dpl_cc13x2.a : SemaphoreP_tirtos.oem4f (.text:SemaphoreP_constructBinary)
                  00007498    0000002c                  : SemaphoreP_tirtos.oem4f (.text:SemaphoreP_createBinary)
                  000074c4    0000002c     rom_sysbios.aem4f : rom_sysbios.obj (.text:_pthread_delete$45)
                  000074f0    0000002c     drivers_cc13x2.a : NVSSPI25X.oem4f (.text:extFlashPowerDown)
                  0000751c    0000002c                      : NVSSPI25X.oem4f (.text:extFlashSpiRead)
                  00007548    0000002c     rtsv7M4_T_le_v4SPD16_eabi.lib : fclose.c.obj (.text:fclose)
                  00007574    0000002c     rom_sysbios.aem4f : rom_sysbios.obj (.text:pthread_setcancelstate)
                  000075a0    0000002c                       : rom_sysbios.obj (.text:ti_sysbios_knl_Clock_getTicksUntilInterrupt__E)
                  000075cc    0000002c     rtsv7M4_T_le_v4SPD16_eabi.lib : unlink.c.obj (.text:unlink)
                  000075f8    0000002a     display_cc13x2.a : Display.oem4f (.text:Display_doPrintf)
                  00007622    0000002a     drivers_cc13x2.a : RingBuf.oem4f (.text:RingBuf_getPointer)
                  0000764c    00000028     display_cc13x2.a : Display.oem4f (.text:Display_doInit)
                  00007674    00000028     drivers_cc13x2.a : GPIOCC26XX.oem4f (.text:GPIO_setMux)
                  0000769c    00000028                      : PowerCC26X2.oem4f (.text:Power_registerNotify)
                  000076c4    00000028                      : SPICC26X2DMA.oem4f (.text:flushFifos)
                  000076ec    00000028     rtsv7M4_T_le_v4SPD16_eabi.lib : lseek.c.obj (.text:lseek)
                  00007714    00000028     drivers_cc13x2.a : PowerCC26X2.oem4f (.text:oscillatorISR)
                  0000773c    00000028     rtsv7M4_T_le_v4SPD16_eabi.lib : read.c.obj (.text:read)
                  00007764    00000028                                   : write.c.obj (.text:write)
                  0000778c    00000026     drivers_cc13x2.a : List.oem4f (.text:List_put)
                  000077b2    00000026                      : List.oem4f (.text:List_remove)
                  000077d8    00000024     driverlib.lib : osc.obj (.text:NOROM_OSCHF_TurnOnXosc)
                  000077fc    00000024                   : osc.obj (.text:NOROM_OSC_CapArrayAdjustWorkaround_Boot)
                  00007820    00000024     rom_sysbios.aem4f : rom_sysbios.obj (.text:_pthread_cleanupFxn)
                  00007844    00000024     drivers_cc13x2.a : PowerCC26X2_calibrateRCOSC.oem4f (.text:getTdcSemaphore)
                  00007868    00000024     rom_sysbios.aem4f : rom_sysbios.obj (.text:pthread_attr_init)
                  0000788c    00000024     release_pem4f.oem4f (.text:ti_sysbios_BIOS_registerRTSLock__I)
                  000078b0    00000024     release_pem4f.oem4f (.text:ti_sysbios_BIOS_removeRTSLock__I)
                  000078d4    00000024     rom_sysbios.aem4f : rom_sysbios.obj (.text:ti_sysbios_family_arm_cc26xx_Timer_getMaxTicks__E)
                  000078f8    00000020     drivers_cc13x2.a : NVSSPI25X.oem4f (.text:NVSSPI25X_initSpiCs)
                  00007918    00000020                      : PowerCC26X2.oem4f (.text:Power_unregisterNotify)
                  00007938    00000020     rtsv7M4_T_le_v4SPD16_eabi.lib : ferror.c.obj (.text:ferror)
                  00007958    00000020                                   : u_tofd_t2.asm.obj (.text)
                  00007978    00000020     release_pem4f.oem4f (.text:ti_sysbios_BIOS_rtsLock__I)
                  00007998    00000020     rom_sysbios.aem4f : rom_sysbios.obj (.text:ti_sysbios_family_arm_cc26xx_Timer_dynamicStub__E)
                  000079b8    00000020                       : rom_sysbios.obj (.text:xdc_runtime_Error_policyMin__E)
                  000079d8    0000001e     drivers_cc13x2.a : PowerCC26X2.oem4f (.text:Power_getTransitionLatency)
                  000079f6    0000001e                      : UART2CC26X2.oem4f (.text:UART2Support_disableRx)
                  00007a14    0000001c                      : GPIOCC26XX.oem4f (.text:GPIO_read)
                  00007a30    0000001c     driverlib.lib : chipinfo.obj (.text:NOROM_ChipInfo_GetChipFamily)
                  00007a4c    0000001c     drivers_cc13x2.a : NVSSPI25X.oem4f (.text:NVSSPI25X_lock)
                  00007a68    0000001c     dpl_cc13x2.a : PowerCC26X2_tirtos.oem4f (.text:PowerCC26XX_schedulerDisable)
                  00007a84    0000001c                  : PowerCC26X2_tirtos.oem4f (.text:PowerCC26XX_schedulerRestore)
                  00007aa0    0000001c     drivers_cc13x2.a : UDMACC26XX.oem4f (.text:UDMACC26XX_initHw)
                  00007abc    0000001c     rtsv7M4_T_le_v4SPD16_eabi.lib : memccpy.c.obj (.text:memccpy)
                  00007ad8    0000001c     rom_sysbios.aem4f : rom_sysbios.obj (.text:ti_sysbios_family_arm_m3_Hwi_clearInterrupt__E)
                  00007af4    0000001c                       : rom_sysbios.obj (.text:ti_sysbios_knl_Swi_construct2__E)
                  00007b10    0000001c     release_pem4f.oem4f (.text:xdc_runtime_Startup_exec__I)
                  00007b2c    0000001a     drivers_cc13x2.a : PowerCC26X2.oem4f (.text:PowerCC26XX_calibrate)
                  00007b46    0000001a     rtsv7M4_T_le_v4SPD16_eabi.lib : s_copysign.c.obj (.text:copysign)
                  00007b60    0000001a     release_pem4f.oem4f (.text:free)
                  00007b7a    00000002     --HOLE-- [fill = 0]
                  00007b7c    00000018     drivers_cc13x2.a : GPIOCC26XX.oem4f (.text:GPIO_disableInt)
                  00007b94    00000018                      : GPIO.oem4f (.text:GPIO_setCallback)
                  00007bac    00000018                      : PowerCC26X2.oem4f (.text:Power_idleFunc)
                  00007bc4    00000018                      : UART2.oem4f (.text:UART2_Params_init)
                  00007bdc    00000018     rtsv7M4_T_le_v4SPD16_eabi.lib : args_main.c.obj (.text:_args_main)
                  00007bf4    00000018                                   : snprintf.c.obj (.text:_outc)
                  00007c0c    00000018                                   : ll_mul_t2.asm.obj (.text)
                  00007c24    00000018                                   : strcmp.c.obj (.text:strcmp)
                  00007c3c    00000018     drivers_cc13x2.a : PowerCC26X2.oem4f (.text:switchToTCXO)
                  00007c54    00000018     release_pem4f.oem4f (.text:ti_sysbios_BIOS_rtsUnlock__I)
                  00007c6c    00000018     rom_sysbios.aem4f : rom_sysbios.obj (.text:ti_sysbios_rts_ti_ReentSupport_getReent__F)
                  00007c84    00000018                       : rom_sysbios.obj (.text:xdc_runtime_Error_init__E)
                  00007c9c    00000016     display_cc13x2.a : DisplayUart2.oem4f (.text:DisplayUart2Min_close)
                  00007cb2    00000016     driverlib.lib : chipinfo.obj (.text:NOROM_ThisLibraryIsFor_CC13x2_CC26x2_HwRev20AndLater_HaltIfViolated)
                  00007cc8    00000016     rom_sysbios.aem4f : rom_sysbios.obj (.text:_pthread_cleanup_pop)
                  00007cde    00000016     rtsv7M4_T_le_v4SPD16_eabi.lib : strchr.c.obj (.text:strchr)
                  00007cf4    00000016     release_pem4f.oem4f (.text:ti_sysbios_BIOS_exitFunc__I)
                  00007d0a    00000014     ti_drivers_config.obj (.text:Board_init)
                  00007d1e    00000002     --HOLE-- [fill = 0]
                  00007d20    00000014     dpl_cc13x2.a : ClockP_tirtos.oem4f (.text:ClockP_usleep)
                  00007d34    00000014                  : HwiP_tirtos.oem4f (.text:HwiP_interruptsEnabled)
                  00007d48    00000014     drivers_cc13x2.a : PowerCC26X2_calibrateRCOSC.oem4f (.text:PowerCC26X2_calibrate)
                  00007d5c    00000014                      : SPI.oem4f (.text:SPI_Params_init)
                  00007d70    00000014     rom_sysbios.aem4f : rom_sysbios.obj (.text:pthread_attr_setschedparam)
                  00007d84    00000014     rtsv7M4_T_le_v4SPD16_eabi.lib : strcpy.c.obj (.text:strcpy)
                  00007d98    00000014     rom_sysbios.aem4f : rom_sysbios.obj (.text:ti_sysbios_family_arm_cc26xx_Timer_getCount64__E)
                  00007dac    00000014     release_pem4f.oem4f (.text:ti_sysbios_knl_Clock_doTick__I)
                  00007dc0    00000012     drivers_cc13x2.a : NVSSPI25X.oem4f (.text:NVSSPI25X_assertSpiCs)
                  00007dd2    00000012                      : NVSSPI25X.oem4f (.text:NVSSPI25X_deassertSpiCs)
                  00007de4    00000012                      : NVSSPI25X.oem4f (.text:NVSSPI25X_getAttrs)
                  00007df6    00000012                      : RingBuf.oem4f (.text:RingBuf_construct)
                  00007e08    00000012     dpl_cc13x2.a : SemaphoreP_tirtos.oem4f (.text:SemaphoreP_pend)
                  00007e1a    00000012     drivers_cc13x2.a : UART2CC26X2.oem4f (.text:UART2CC26X2_writeTimeout)
                  00007e2c    00000012     rom_sysbios.aem4f : rom_sysbios.obj (.text:_pthread_runStub$45)
                  00007e3e    00000012     rtsv7M4_T_le_v4SPD16_eabi.lib : wcslen.c.obj (.text:wcslen)
                  00007e50    00000010     drivers_cc13x2.a : GPIO.oem4f (.text:GPIO_getUserArg)
                  00007e60    00000010                      : GPIO.oem4f (.text:GPIO_setUserArg)
                  00007e70    00000010                      : GPIOCC26XX.oem4f (.text:GPIO_write)
                  00007e80    00000010     dpl_cc13x2.a : HwiP_tirtos.oem4f (.text:HwiP_Params_init)
                  00007e90    00000010                  : SwiP_tirtos.oem4f (.text:SwiP_Params_init)
                  00007ea0    00000010     drivers_cc13x2.a : UART2CC26X2.oem4f (.text:UART2CC26X2_postNotifyFxn)
                  00007eb0    00000010                      : UART2CC26X2.oem4f (.text:UART2CC26X2_readTimeout)
                  00007ec0    00000010                      : UART2CC26X2.oem4f (.text:UART2Support_rxStatus2ErrorCode)
                  00007ed0    00000010                      : UART2CC26X2.oem4f (.text:UART2Support_txDone)
                  00007ee0    0000000e                      : NVS.oem4f (.text:NVS_write)
                  00007eee    0000000e                      : UART2.oem4f (.text:UART2_write)
                  00007efc    0000000e     rtsv7M4_T_le_v4SPD16_eabi.lib : copy_decompress_none.c.obj (.text:decompress:none:__TI_decompress_none)
                  00007f0a    0000000e     rom_sysbios.aem4f : rom_sysbios.obj (.text:pthread_attr_setdetachstate)
                  00007f18    0000000e                       : rom_sysbios.obj (.text:ti_sysbios_family_arm_cc26xx_TimestampProvider_get32__E)
                  00007f26    00000002     --HOLE-- [fill = 0]
                  00007f28    0000000c     dpl_cc13x2.a : ClockP_tirtos.oem4f (.text:ClockP_getSystemTickPeriod)
                  00007f34    0000000c     driverlib.lib : cpu.obj (.text:NOROM_CPUcpsid)
                  00007f40    0000000c                   : cpu.obj (.text:NOROM_CPUcpsie)
                  00007f4c    0000000c     drivers_cc13x2.a : NVSSPI25X.oem4f (.text:NVSSPI25X_unlock)
                  00007f58    0000000c                      : PowerCC26X2.oem4f (.text:Power_getConstraintMask)
                  00007f64    0000000c                      : PowerCC26X2.oem4f (.text:Power_getDependencyCount)
                  00007f70    0000000c     dpl_cc13x2.a : SemaphoreP_tirtos.oem4f (.text:SemaphoreP_delete)
                  00007f7c    0000000c     drivers_cc13x2.a : UART2CC26X2.oem4f (.text:UART2Support_disableTx)
                  00007f88    0000000c                      : UART2CC26X2.oem4f (.text:UART2Support_enableTx)
                  00007f94    0000000c     rtsv7M4_T_le_v4SPD16_eabi.lib : _lock.c.obj (.text:_register_lock)
                  00007fa0    0000000c                                   : _lock.c.obj (.text:_register_unlock)
                  00007fac    0000000c                                   : copy_zero_init.c.obj (.text:decompress:ZI:__TI_zero_init)
                  00007fb8    0000000c     rom_sysbios.aem4f : rom_sysbios.obj (.text:pthread_self)
                  00007fc4    0000000c     drivers_cc13x2.a : SPICC26X2DMA.oem4f (.text:spiPostNotify)
                  00007fd0    0000000c     rom_sysbios.aem4f : rom_sysbios.obj (.text:ti_sysbios_knl_Queue_insert__E)
                  00007fdc    0000000a     dpl_cc13x2.a : ClockP_tirtos.oem4f (.text:ClockP_Params_init)
                  00007fe6    0000000a     drivers_cc13x2.a : NVS.oem4f (.text:NVS_close)
                  00007ff0    0000000a                      : NVS.oem4f (.text:NVS_erase)
                  00007ffa    0000000a                      : NVS.oem4f (.text:NVS_getAttrs)
                  00008004    0000000a                      : NVS.oem4f (.text:NVS_read)
                  0000800e    0000000a                      : SPICC26X2DMA.oem4f (.text:SPICC26X2DMA_init)
                  00008018    0000000a                      : SPI.oem4f (.text:SPI_close)
                  00008022    0000000a                      : SPI.oem4f (.text:SPI_transfer)
                  0000802c    0000000a                      : UDMACC26XX.oem4f (.text:UDMACC26XX_hwiIntFxn)
                  00008036    0000000a     release_pem4f.oem4f (.text:ti_sysbios_rts_ti_ReentSupport_getTlsAddr__I)
                  00008040    00000008     drivers_cc13x2.a : SPICC26X2DMA.oem4f (.text:blockingTransferCallback)
                  00008048    00000008     release_pem4f.oem4f (.text:xdc_runtime_Text_visitRope__I)
                  00008050    00000006     display_cc13x2.a : DisplayUart2.oem4f (.text:DisplayUart2Min_control)
                  00008056    00000006                      : DisplayUart2.oem4f (.text:DisplayUart2Min_getType)
                  0000805c    00000006     driverlib.lib : cpu.obj (.text:NOROM_CPUdelay)
                  00008062    00000006     drivers_cc13x2.a : NVS.oem4f (.text:NVS_Params_init)
                  00008068    00000006                      : UART2CC26X2.oem4f (.text:UART2Support_powerRelConstraint)
                  0000806e    00000006                      : PowerCC26X2.oem4f (.text:delayUs)
                  00008074    00000006     rom_sysbios.aem4f : rom_sysbios.obj (.text:pthread_attr_setstacksize)
                  0000807a    00000004     dpl_cc13x2.a : PowerCC26X2_tirtos.oem4f (.text:CPUwfi)
                  0000807e    00000004                  : ClockP_tirtos.oem4f (.text:ClockP_destruct)
                  00008082    00000004                  : ClockP_tirtos.oem4f (.text:ClockP_getCpuFreq)
                  00008086    00000004                  : ClockP_tirtos.oem4f (.text:ClockP_setTimeout)
                  0000808a    00000004                  : ClockP_tirtos.oem4f (.text:ClockP_start)
                  0000808e    00000004                  : ClockP_tirtos.oem4f (.text:ClockP_stop)
                  00008092    00000004                  : HwiP_tirtos.oem4f (.text:HwiP_clearInterrupt)
                  00008096    00000004                  : HwiP_tirtos.oem4f (.text:HwiP_destruct)
                  0000809a    00000004                  : HwiP_tirtos.oem4f (.text:HwiP_disable)
                  0000809e    00000004                  : HwiP_tirtos.oem4f (.text:HwiP_disableInterrupt)
                  000080a2    00000004                  : HwiP_tirtos.oem4f (.text:HwiP_enableInterrupt)
                  000080a6    00000004                  : SemaphoreP_tirtos.oem4f (.text:SemaphoreP_destruct)
                  000080aa    00000004                  : SemaphoreP_tirtos.oem4f (.text:SemaphoreP_post)
                  000080ae    00000004                  : SwiP_tirtos.oem4f (.text:SwiP_destruct)
                  000080b2    00000004                  : SwiP_tirtos.oem4f (.text:SwiP_post)
                  000080b6    00000004                  : SystemP_tirtos.oem4f (.text:SystemP_vsnprintf)
                  000080ba    00000004     rtsv7M4_T_le_v4SPD16_eabi.lib : error.c.obj (.text:__abort_execution)
                  000080be    00000004     rom_sysbios.aem4f : rom_sysbios.obj (.text:__aeabi_errno_addr)
                  000080c2    00000004     rtsv7M4_T_le_v4SPD16_eabi.lib : exit.c.obj (.text:abort:abort)
                  000080c6    00000004     drivers_cc13x2.a : PowerCC26X2.oem4f (.text:configureRFCoreClocks)
                  000080ca    00000004                      : PowerCC26X2.oem4f (.text:nopResourceHandler)
                  000080ce    00000004     rom_sysbios.aem4f : rom_sysbios.obj (.text:ti_sysbios_knl_Task_getArg1__E)
                  000080d2    00000004                       : rom_sysbios.obj (.text:ti_sysbios_knl_Task_getEnv__E)
                  000080d6    00000004     release_pem4f.oem4f (.text:xdc_runtime_Startup_reset__I)
                  000080da    00000004     rom_sysbios.aem4f : rom_sysbios.obj (.text:xdc_runtime_SysCallback_defaultReady)
                  000080de    00000002     --HOLE-- [fill = 0]
                  000080e0    00000008     (.tramp.xdc_runtime_System_vsnprintf__E.1)
                  000080e8    00000008     (.tramp.ti_sysbios_knl_Swi_destruct.1)
                  000080f0    00000008     (.tramp.ti_sysbios_family_arm_m3_Hwi_enableInterrupt__E.1)
                  000080f8    00000008     (.tramp.ti_sysbios_family_arm_m3_Hwi_disableInterrupt__E.1)
                  00008100    00000008     (.tramp.ti_sysbios_family_arm_m3_Hwi_destruct.1)
                  00008108    00000008     (.tramp.ti_sysbios_BIOS_getCpuFreq__E.1)
                  00008110    00000008     (.tramp.ti_sysbios_knl_Clock_destruct.1)
                  00008118    00000008     (.tramp.ti_sysbios_knl_Task_self__E.1)
                  00008120    00000008     (.tramp.ti_sysbios_knl_Semaphore_delete.1)
                  00008128    00000008     (.tramp.ti_sysbios_knl_Swi_post__E.1)
                  00008130    00000008     (.tramp.ti_sysbios_knl_Clock_logTick__E.1)
                  00008138    00000008     (.tramp.ti_sysbios_family_arm_m3_Hwi_disableFxn__E.1)
                  00008140    00000008     (.tramp.ti_sysbios_BIOS_getThreadType__E.1)
                  00008148    00000008     (.tramp.ti_sysbios_BIOS_RtsGateProxy_leave__E.1)
                  00008150    00000008     (.tramp.ti_sysbios_knl_Swi_construct.1)
                  00008158    00000008     (.tramp.ti_sysbios_knl_Swi_restore__E.1)
                  00008160    00000008     (.tramp.ti_sysbios_BIOS_RtsGateProxy_enter__E.1)
                  00008168    00000008     (.tramp.ti_sysbios_knl_Clock_TimerProxy_getCurrentTick__E.1)
                  00008170    00000008     (.tramp.ti_sysbios_knl_Task_delete.1)
                  00008178    00000008     (.tramp.ti_sysbios_knl_Semaphore_destruct.1)
                  00008180    00000008     (.tramp.ti_sysbios_knl_Semaphore_create.1)
                  00008188    00000008     (.tramp.ti_sysbios_knl_Task_startup__E.1)
                  00008190    00000008     (.tramp.ti_sysbios_knl_Swi_startup__E.1)
                  00008198    00000008     (.tramp.ti_sysbios_hal_Hwi_startup__E.1)
                  000081a0    00000008     (.tramp.ti_sysbios_family_arm_cc26xx_Timer_startup__E.1)
                  000081a8    00000008     (.tramp.xdc_runtime_System_atexit__E.1)
                  000081b0    00000008     (.tramp.ti_sysbios_BIOS_linkedWithIncorrectBootLibrary__E.1)
                  000081b8    00000008     (.tramp.xdc_runtime_Startup_rtsDone__E.1)
                  000081c0    00000008     (.tramp.ti_sysbios_knl_Swi_disable__E.1)
                  000081c8    00000008     (.tramp.ti_sysbios_family_arm_m3_Hwi_construct.1)
                  000081d0    00000008     (.tramp.ti_sysbios_knl_Task_sleep__E.1)
                  000081d8    00000008     (.tramp.ti_sysbios_family_arm_m3_Hwi_Params__init__S.1)
                  000081e0    00000008     (.tramp.ti_sysbios_knl_Clock_construct.1)
                  000081e8    00000008     (.tramp.ti_sysbios_knl_Clock_Params__init__S.1)
                  000081f0    00000008     (.tramp.ti_sysbios_knl_Swi_Params__init__S.1)
                  000081f8    00000008     (.tramp.ti_sysbios_heaps_HeapMem_Module_GateProxy_leave__E.1)
                  00008200    00000008     (.tramp.ti_sysbios_heaps_HeapMem_Module_GateProxy_enter__E.1)
                  00008208    00000008     (.tramp.xdc_runtime_System_exit__E.1)
                  00008210    00000008     (.tramp.ti_sysbios_heaps_HeapMem_restore__E.1)
                  00008218    00000008     (.tramp.ti_sysbios_heaps_HeapMem_Object__get__S.1)
                  00008220    00000008     (.tramp.ti_sysbios_BIOS_start__E.1)
                  00008228    00000008     (.tramp.xdc_runtime_Error_raiseX__E.1)
                  00008230    00000008     (.tramp.ti_sysbios_BIOS_setThreadType__E.1)
                  00008238    00000008     (.tramp.ti_sysbios_family_arm_m3_Hwi_excFillContext__I.1)
                  00008240    00000008     (.tramp.ti_sysbios_knl_Semaphore_post__E.1)
                  00008248    00000008     (.tramp.xdc_runtime_Memory_free__E.1)
                  00008250    00000008     (.tramp.ti_sysbios_knl_Queue_next__E.1)
                  00008258    00000008     (.tramp.ti_sysbios_knl_Queue_head__E.1)
                  00008260    00000008     (.tramp.ti_sysbios_knl_Semaphore_pend__E.1)
                  00008268    00000008     (.tramp.ti_sysbios_knl_Task_restore__E.1)
                  00008270    00000008     (.tramp.ti_sysbios_knl_Queue_enqueue__E.1)
                  00008278    00000008     (.tramp.ti_sysbios_knl_Queue_empty__E.1)
                  00008280    00000008     (.tramp.ti_sysbios_knl_Queue_remove__E.1)
                  00008288    00000008     (.tramp.ti_sysbios_knl_Task_disable__E.1)
                  00008290    00000008     (.tramp.ti_sysbios_knl_Clock_stop__E.1)
                  00008298    00000008     (.tramp.ti_sysbios_knl_Clock_start__E.1)
                  000082a0    00000008     (.tramp.ti_sysbios_knl_Clock_setTimeout__E.1)
                  000082a8    00000008     (.tramp.ti_sysbios_knl_Task_create.1)
                  000082b0    00000008     (.tramp.ti_sysbios_knl_Semaphore_construct.1)
                  000082b8    00000008     (.tramp.ti_sysbios_knl_Semaphore_Params__init__S.1)
                  000082c0    00000008     (.tramp.ti_sysbios_knl_Queue_construct.1)
                  000082c8    00000008     (.tramp.xdc_runtime_Memory_alloc__E.1)
                  000082d0    00000008     (.tramp.ti_sysbios_knl_Task_Params__init__S.1)
                  000082d8    00000008     (.tramp.xdc_runtime_System_doPrint__I.1)
                  000082e0    00000008     (.tramp.ti_sysbios_family_arm_m3_Hwi_restoreFxn__E.1)
                  000082e8    00000008     (.tramp.strlen.1)

.const     0    000082f0    00000860     
                  000082f0    000003b8     release_pem4f.oem4f (.const:ROM_constStruct)
                  000086a8    00000101     rtsv7M4_T_le_v4SPD16_eabi.lib : ctype.c.obj (.const:.string:_ctypes_)
                  000087a9    00000002     drivers_cc13x2.a : UART2CC26X2.oem4f (.const:.string:stopBits)
                  000087ab    00000001                      : NVSSPI25X.oem4f (.const:.string:$P$T0$1)
                  000087ac    00000058     ti_drivers_config.obj (.const:uart2CC26X2HWAttrs)
                  00008804    00000054     drivers_cc13x2.a : PowerCC26X2.oem4f (.const:resourceDB)
                  00008858    00000048     release_pem4f.oem4f (.const:.string)
                  000088a0    00000048     release_pem4f.oem4f (.const:ROM_externFuncPtrs)
                  000088e8    00000040     ti_drivers_config.obj (.const:spiCC26X2DMAHWAttrs)
                  00008928    00000028     drivers_cc13x2.a : NVSSPI25X.oem4f (.const:NVSSPI25X_fxnTable)
                  00008950    00000028     ti_drivers_config.obj (.const:nvsSPI25XHWAttrs)
                  00008978    00000024     drivers_cc13x2.a : UART2.oem4f (.const:UART2_defaultParams)
                  0000899c    00000024     release_pem4f.oem4f (.const:xdc_runtime_Startup_sfxnTab__A)
                  000089c0    00000020     nvsexternal.obj (.const:.string:$P$T1$1)
                  000089e0    00000020     display_cc13x2.a : DisplayUart2.oem4f (.const:DisplayUart2Min_fxnTable)
                  00008a00    00000020     drivers_cc13x2.a : SPI.oem4f (.const:SPI_defaultParams)
                  00008a20    00000018                      : SPICC26X2DMA.oem4f (.const:SPICC26X2DMA_fxnTable)
                  00008a38    00000018                      : SPICC26X2DMA.oem4f (.const:frameFormat)
                  00008a50    00000014     ti_drivers_config.obj (.const:PowerCC26X2_config)
                  00008a64    00000014     ti_drivers_config.obj (.const:displayUart2HWAttrs)
                  00008a78    00000012     release_pem4f.oem4f (.const:xdc_runtime_Startup_sfxnRts__A)
                  00008a8a    00000001     drivers_cc13x2.a : NVSSPI25X.oem4f (.const:.string:$P$T1$2)
                  00008a8b    00000001     display_cc13x2.a : Display.oem4f (.const:Display_defaultParams)
                  00008a8c    00000010     ti_drivers_config.obj (.const:GPIO_config)
                  00008a9c    0000000f     ti_drivers_config.obj (.const)
                  00008aab    00000001     release_pem4f.oem4f (.const:xdc_runtime_Text_charTab__A)
                  00008aac    0000000c     ti_drivers_config.obj (.const:Display_config)
                  00008ab8    0000000c     ti_drivers_config.obj (.const:NVS_config)
                  00008ac4    0000000c     ti_drivers_config.obj (.const:SPI_config)
                  00008ad0    0000000c     release_pem4f.oem4f (.const:xdc_runtime_Startup_firstFxns__A)
                  00008adc    00000008     driverlib.lib : aux_sysif.obj (.const:$O1$$)
                  00008ae4    00000008     ti_drivers_config.obj (.const:UART2_config)
                  00008aec    00000008     ti_drivers_config.obj (.const:UDMACC26XX_config)
                  00008af4    00000008     drivers_cc13x2.a : SPICC26X2DMA.oem4f (.const:dmaNullConfig)
                  00008afc    00000008                      : SPICC26X2DMA.oem4f (.const:dmaRxConfig)
                  00008b04    00000008                      : SPICC26X2DMA.oem4f (.const:dmaTxConfig)
                  00008b0c    00000008     release_pem4f.oem4f (.const:ti_sysbios_family_arm_m3_Hwi_excHookFuncs__A)
                  00008b14    00000008     release_pem4f.oem4f (.const:ti_sysbios_knl_Idle_funcList__A)
                  00008b1c    00000008     ti_drivers_config.obj (.const:udmaCC26XXHWAttrs)
                  00008b24    00000005     drivers_cc13x2.a : UART2CC26X2.oem4f (.const:.string:parityType)
                  00008b29    00000005                      : UART2CC26X2.oem4f (.const:.string:rxFifoThreshold)
                  00008b2e    00000005                      : UART2CC26X2.oem4f (.const:.string:txFifoThreshold)
                  00008b33    00000004                      : UART2CC26X2.oem4f (.const:.string:dataLength)
                  00008b37    00000001     --HOLE-- [fill = 0]
                  00008b38    00000004                      : NVS.oem4f (.const:NVS_defaultParams)
                  00008b3c    00000004     release_pem4f.oem4f (.const:ti_sysbios_family_arm_m3_Hwi_E_exception__C)
                  00008b40    00000004     release_pem4f.oem4f (.const:ti_sysbios_heaps_HeapMem_primaryHeapBaseAddr__C)
                  00008b44    00000004     release_pem4f.oem4f (.const:ti_sysbios_heaps_HeapMem_primaryHeapEndAddr__C)
                  00008b48    00000004     release_pem4f.oem4f (.const:ti_sysbios_knl_Clock_tickPeriod__C)
                  00008b4c    00000004     release_pem4f.oem4f (.const:ti_sysbios_knl_Task_Object__heap__C)

MODULE SUMMARY

       Module                             code    ro data   rw data
       ------                             ----    -------   -------
    ./
       nvsexternal.obj                    1388    32        152    
       main_tirtos.obj                    96      0         0      
    +--+----------------------------------+-------+---------+---------+
       Total:                             1484    32        152    
                                                                   
    ./syscfg/
       ti_drivers_config.obj              240     323       2628   
       ti_devices_config.obj              0       88        0      
    +--+----------------------------------+-------+---------+---------+
       Total:                             240     411       2628   
                                                                   
    /home/pramodh/techlabs_all_ccs/nvs_external/tirtos_builds_cc13x2_cc26x2_release_ccs/Debug/configPkg/package/cfg/
       release_pem4f.oem4f                938     1259      1802   
    +--+----------------------------------+-------+---------+---------+
       Total:                             938     1259      1802   
                                                                   
    /home/pramodh/techlabs_all_ccs/nvs_external/tirtos_builds_cc13x2_cc26x2_release_ccs/src/sysbios/rom_sysbios.aem4f
       rom_sysbios.obj                    2187    0         180    
    +--+----------------------------------+-------+---------+---------+
       Total:                             2187    0         180    
                                                                   
    /home/pramodh/ti/ccs1100/ccs/tools/compiler/ti-cgt-arm_20.2.5.LTS/lib/rtsv7M4_T_le_v4SPD16_eabi.lib
       _printfi.c.obj                     4851    0         0      
       vla_alloc.c.obj                    564     0         4      
       fopen.c.obj                        480     0         4      
       fd_add_t2.asm.obj                  438     0         0      
       defs.c.obj                         0       0         416    
       trgmsg.c.obj                       108     0         288    
       fd_div_t2.asm.obj                  310     0         0      
       s_scalbn.c.obj                     272     0         0      
       fd_cmp_t2.asm.obj                  268     0         0      
       ctype.c.obj                        0       257       0      
       fd_mul_t2.asm.obj                  252     0         0      
       fread.c.obj                        248     0         0      
       setvbuf.c.obj                      220     0         0      
       host_device.c.obj                  0       0         200    
       open.c.obj                         188     0         4      
       fclose.c.obj                       160     0         0      
       _bufread.c.obj                     156     0         0      
       memcpy_t2.asm.obj                  156     0         0      
       ull_div_t2.asm.obj                 150     0         0      
       snprintf.c.obj                     148     0         0      
       memset_t2.asm.obj                  122     0         0      
       getdevice.c.obj                    116     0         0      
       hostrename.c.obj                   108     0         0      
       copy_decompress_lzss.c.obj         104     0         0      
       hostlseek.c.obj                    104     0         0      
       hostopen.c.obj                     96      0         8      
       fseek.c.obj                        100     0         0      
       ftell.c.obj                        100     0         0      
       s_frexp.c.obj                      100     0         0      
       close.c.obj                        92      0         0      
       hostread.c.obj                     88      0         0      
       hostwrite.c.obj                    88      0         0      
       _ltoa.c.obj                        84      0         0      
       atoi.c.obj                         76      0         0      
       cpy_tbl.c.obj                      76      0         0      
       fflush.c.obj                       76      0         0      
       _io_perm.c.obj                     74      0         0      
       fd_toi_t2.asm.obj                  72      0         0      
       fd_tou_t2.asm.obj                  68      0         0      
       hostclose.c.obj                    68      0         0      
       hostunlink.c.obj                   68      0         0      
       u_divt2.asm.obj                    64      0         0      
       fs_tod_t2.asm.obj                  56      0         0      
       strncpy.c.obj                      54      0         0      
       i_tofd_t2.asm.obj                  46      0         0      
       unlink.c.obj                       44      0         0      
       lseek.c.obj                        40      0         0      
       read.c.obj                         40      0         0      
       write.c.obj                        40      0         0      
       _lock.c.obj                        26      0         8      
       ferror.c.obj                       32      0         0      
       u_tofd_t2.asm.obj                  32      0         0      
       memccpy.c.obj                      28      0         0      
       s_copysign.c.obj                   26      0         0      
       args_main.c.obj                    24      0         0      
       ll_mul_t2.asm.obj                  24      0         0      
       strcmp.c.obj                       24      0         0      
       strchr.c.obj                       22      0         0      
       strcpy.c.obj                       20      0         0      
       wcslen.c.obj                       18      0         0      
       exit.c.obj                         4       0         12     
       copy_decompress_none.c.obj         14      0         0      
       copy_zero_init.c.obj               12      0         0      
       error.c.obj                        4       0         0      
       stkdepth_vars.c.obj                0       0         4      
       div0.asm.obj                       2       0         0      
    +--+----------------------------------+-------+---------+---------+
       Total:                             11545   257       948    
                                                                   
    /home/pramodh/ti/simplelink_cc13xx_cc26xx_sdk_5_30_01_01/kernel/tirtos/packages/ti/dpl/lib/ccs/m4f/dpl_cc13x2.a
       PowerCC26X2_tirtos.oem4f           260     0         8      
       ClockP_tirtos.oem4f                126     0         0      
       SemaphoreP_tirtos.oem4f            126     0         0      
       HwiP_tirtos.oem4f                  118     0         0      
       SwiP_tirtos.oem4f                  108     0         0      
       SystemP_tirtos.oem4f               4       0         0      
    +--+----------------------------------+-------+---------+---------+
       Total:                             742     0         8      
                                                                   
    /home/pramodh/ti/simplelink_cc13xx_cc26xx_sdk_5_30_01_01/kernel/tirtos/packages/ti/targets/arm/rtsarm/lib/auto_init.aem4f
       auto_init.oem4f                    160     0         0      
    +--+----------------------------------+-------+---------+---------+
       Total:                             160     0         0      
                                                                   
    /home/pramodh/ti/simplelink_cc13xx_cc26xx_sdk_5_30_01_01/kernel/tirtos/packages/ti/targets/arm/rtsarm/lib/boot.aem4f
       boot.oem4f                         88      0         0      
    +--+----------------------------------+-------+---------+---------+
       Total:                             88      0         0      
                                                                   
    /home/pramodh/ti/simplelink_cc13xx_cc26xx_sdk_5_30_01_01/source/ti/devices/cc13x2_cc26x2/driverlib/bin/ccs/driverlib.lib
       osc.obj                            484     0         36     
       sys_ctrl.obj                       420     0         0      
       setup.obj                          364     0         0      
       prcm.obj                           160     0         0      
       chipinfo.obj                       118     0         0      
       aux_sysif.obj                      52      8         0      
       cpu.obj                            30      0         0      
    +--+----------------------------------+-------+---------+---------+
       Total:                             1628    8         36     
                                                                   
    /home/pramodh/ti/simplelink_cc13xx_cc26xx_sdk_5_30_01_01/source/ti/display/lib/ccs/m4f/display_cc13x2.a
       DisplayUart2.oem4f                 174     32        0      
       Display.oem4f                      174     1         0      
    +--+----------------------------------+-------+---------+---------+
       Total:                             348     33        0      
                                                                   
    /home/pramodh/ti/simplelink_cc13xx_cc26xx_sdk_5_30_01_01/source/ti/drivers/lib/ccs/m4f/drivers_cc13x2.a
       SPICC26X2DMA.oem4f                 3138    72        0      
       UART2CC26X2.oem4f                  2494    21        0      
       PowerCC26X2.oem4f                  2052    84        368    
       NVSSPI25X.oem4f                    2002    42        32     
       PowerCC26X2_calibrateRCOSC.oem4f   1400    0         0      
       UART2.oem4f                        906     36        0      
       GPIOCC26XX.oem4f                   572     0         29     
       RingBuf.oem4f                      296     0         0      
       SPI.oem4f                          172     32        1      
       NVS.oem4f                          176     4         1      
       UDMACC26XX.oem4f                   168     0         0      
       GPIO.oem4f                         100     0         0      
       List.oem4f                         76      0         0      
    +--+----------------------------------+-------+---------+---------+
       Total:                             13552   291       431    
                                                                   
       Stack:                             0       0         1024   
       Linker Generated:                  528     660       0      
    +--+----------------------------------+-------+---------+---------+
       Grand Total:                       33440   2951      7209   


LINKER GENERATED COPY TABLES

__TI_cinit_table @ 00008d90 records: 11, size/record: 8, table size: 88
	.data: load addr=00008b50, load size=000001e0 bytes, run addr=20000ff8, run size=00000801 bytes, compression=lzss
	.TI.bound:dmaSpi0RxAltControlTableEntry: load addr=00008d40, load size=00000008 bytes, run addr=20001a30, run size=00000010 bytes, compression=zero_init
	.TI.bound:dmaSpi0RxControlTableEntry: load addr=00008d48, load size=00000008 bytes, run addr=20001830, run size=00000010 bytes, compression=zero_init
	.TI.bound:dmaSpi0TxAltControlTableEntry: load addr=00008d50, load size=00000008 bytes, run addr=20001a40, run size=00000010 bytes, compression=zero_init
	.TI.bound:dmaSpi0TxControlTableEntry: load addr=00008d58, load size=00000008 bytes, run addr=20001840, run size=00000010 bytes, compression=zero_init
	.TI.bound:dmaUart1RxControlTableEntry: load addr=00008d60, load size=00000008 bytes, run addr=20001850, run size=00000010 bytes, compression=zero_init
	.TI.bound:dmaUart1TxControlTableEntry: load addr=00008d68, load size=00000008 bytes, run addr=20001860, run size=00000010 bytes, compression=zero_init
	.bss: load addr=00008d70, load size=00000008 bytes, run addr=20000110, run size=00000ee4 bytes, compression=zero_init
	.data:xdcRomConstPtr: load addr=00008d78, load size=00000008 bytes, run addr=20000100, run size=00000004 bytes, compression=lzss
	.data:xdcRomExternFuncPtr: load addr=00008d80, load size=00000008 bytes, run addr=20000104, run size=00000004 bytes, compression=lzss
	.data:xdcRomStatePtr: load addr=00008d88, load size=00000008 bytes, run addr=20000108, run size=00000004 bytes, compression=lzss


LINKER GENERATED HANDLER TABLE

__TI_handler_table @ 00008d30 records: 3, size/record: 4, table size: 12
	index: 0, handler: __TI_decompress_lzss
	index: 1, handler: __TI_decompress_none
	index: 2, handler: __TI_zero_init


FAR CALL TRAMPOLINES

callee name               trampoline name
   callee addr  tramp addr   call addr  call info
--------------  -----------  ---------  ----------------
xdc_runtime_System_vsnprintf__E  $Tramp$TT$L$PI$$xdc_runtime_System_vsnprintf__E
   1002f8b9     000080e0     000080b6   dpl_cc13x2.a : SystemP_tirtos.oem4f (.text:SystemP_vsnprintf)
ti_sysbios_knl_Swi_destruct  $Tramp$TT$L$PI$$ti_sysbios_knl_Swi_destruct
   1002e8bd     000080e8     000080ae   dpl_cc13x2.a : SwiP_tirtos.oem4f (.text:SwiP_destruct)
ti_sysbios_family_arm_m3_Hwi_enableInterrupt__E  $Tramp$TT$L$PI$$ti_sysbios_family_arm_m3_Hwi_enableInterrupt__E
   1002d91d     000080f0     000080a2   dpl_cc13x2.a : HwiP_tirtos.oem4f (.text:HwiP_enableInterrupt)
ti_sysbios_family_arm_m3_Hwi_disableInterrupt__E  $Tramp$TT$L$PI$$ti_sysbios_family_arm_m3_Hwi_disableInterrupt__E
   1002d8d9     000080f8     0000809e   dpl_cc13x2.a : HwiP_tirtos.oem4f (.text:HwiP_disableInterrupt)
ti_sysbios_family_arm_m3_Hwi_destruct  $Tramp$TT$L$PI$$ti_sysbios_family_arm_m3_Hwi_destruct
   1002e475     00008100     00008096   dpl_cc13x2.a : HwiP_tirtos.oem4f (.text:HwiP_destruct)
ti_sysbios_BIOS_getCpuFreq__E  $Tramp$TT$L$PI$$ti_sysbios_BIOS_getCpuFreq__E
   1002e9fd     00008108     00008082   dpl_cc13x2.a : ClockP_tirtos.oem4f (.text:ClockP_getCpuFreq)
ti_sysbios_knl_Clock_destruct  $Tramp$TT$L$PI$$ti_sysbios_knl_Clock_destruct
   1002e649     00008110     0000807e   dpl_cc13x2.a : ClockP_tirtos.oem4f (.text:ClockP_destruct)
ti_sysbios_knl_Task_self__E  $Tramp$TT$L$PI$$ti_sysbios_knl_Task_self__E
   1002eaf5     00008118     00007fba   rom_sysbios.aem4f : rom_sysbios.obj (.text:pthread_self)
                             00008038   release_pem4f.oem4f (.text:ti_sysbios_rts_ti_ReentSupport_getTlsAddr__I)
ti_sysbios_knl_Semaphore_delete  $Tramp$TT$L$PI$$ti_sysbios_knl_Semaphore_delete
   1002ecdb     00008120     00007f76   dpl_cc13x2.a : SemaphoreP_tirtos.oem4f (.text:SemaphoreP_delete)
ti_sysbios_knl_Swi_post__E  $Tramp$TT$L$PI$$ti_sysbios_knl_Swi_post__E
   1002d891     00008128     00007db6   release_pem4f.oem4f (.text:ti_sysbios_knl_Clock_doTick__I)
                             000080b2   dpl_cc13x2.a : SwiP_tirtos.oem4f (.text:SwiP_post)
ti_sysbios_knl_Clock_logTick__E  $Tramp$TT$L$PI$$ti_sysbios_knl_Clock_logTick__E
   1002dbd7     00008130     00007dae   release_pem4f.oem4f (.text:ti_sysbios_knl_Clock_doTick__I)
ti_sysbios_family_arm_m3_Hwi_disableFxn__E  $Tramp$TT$L$PI$$ti_sysbios_family_arm_m3_Hwi_disableFxn__E
   1002eb55     00008138     00007d36   dpl_cc13x2.a : HwiP_tirtos.oem4f (.text:HwiP_interruptsEnabled)
                             0000809a                : HwiP_tirtos.oem4f (.text:HwiP_disable)
ti_sysbios_BIOS_getThreadType__E  $Tramp$TT$L$PI$$ti_sysbios_BIOS_getThreadType__E
   1002ea95     00008140     00007c6e   rom_sysbios.aem4f : rom_sysbios.obj (.text:ti_sysbios_rts_ti_ReentSupport_getReent__F)
ti_sysbios_BIOS_RtsGateProxy_leave__E  $Tramp$TT$L$PI$$ti_sysbios_BIOS_RtsGateProxy_leave__E
   1002ec7b     00008148     00007c62   release_pem4f.oem4f (.text:ti_sysbios_BIOS_rtsUnlock__I)
ti_sysbios_knl_Swi_construct  $Tramp$TT$L$PI$$ti_sysbios_knl_Swi_construct
   1002d719     00008150     00007afa   rom_sysbios.aem4f : rom_sysbios.obj (.text:ti_sysbios_knl_Swi_construct2__E)
ti_sysbios_knl_Swi_restore__E  $Tramp$TT$L$PI$$ti_sysbios_knl_Swi_restore__E
[...]
1002eb9d  ti_sysbios_knl_Clock_Params__init__S                               
1002eba9  ti_sysbios_knl_Clock_getTimerHandle__E                             
1002ebb5  ti_sysbios_knl_Event_Params__init__S                               
1002ebc1  ti_sysbios_knl_Mailbox_Params__init__S                             
1002ebcd  ti_sysbios_knl_Queue_dequeue__E                                    
1002ebd9  ti_sysbios_knl_Queue_enqueue__E                                    
1002ebe5  ti_sysbios_knl_Semaphore_Params__init__S                           
1002ebf1  ti_sysbios_knl_Swi_Params__init__S                                 
1002ebfd  ti_sysbios_knl_Swi_self__E                                         
1002ec09  ti_sysbios_knl_Task_Params__init__S                                
1002ec15  ti_sysbios_hal_Hwi_Instance_finalize__E                            
1002ec1f  ti_sysbios_knl_Event_Instance_init__E                              
1002ec29  ti_sysbios_family_arm_m3_Hwi_doSwiRestore__I                       
1002ec31  ti_sysbios_family_arm_m3_Hwi_startup__E                            
1002ec31  ti_sysbios_hal_Hwi_HwiProxy_startup__E                             
1002ec31  ti_sysbios_hal_Hwi_HwiProxy_startup__E                             
1002ec31  ti_sysbios_hal_Hwi_startup__E                                      
1002ec31  ti_sysbios_hal_Hwi_startup__E                                      
1002ec39  ti_sysbios_knl_Idle_loop__E                                        
1002ec41  ti_sysbios_family_arm_m3_Hwi_doTaskRestore__I                      
1002ec47  HwiP_restore                                                       
1002ec47  ti_sysbios_family_arm_m3_Hwi_restoreFxn__E                         
1002ec4d  ti_sysbios_gates_GateHwi_leave__E                                  
1002ec53  ti_sysbios_gates_GateMutex_Instance_finalize__E                    
1002ec59  ti_sysbios_heaps_HeapMem_isBlocking__E                             
1002ec5f  ti_sysbios_knl_Queue_Instance_init__E                              
1002ec65  ti_sysbios_knl_Queue_elemClear__E                                  
1002ec6b  ti_sysbios_knl_Swi_startup__E                                      
1002ec71  ti_sysbios_knl_Task_enable__E                                      
1002ec77  ti_sysbios_BIOS_RtsGateProxy_enter__E                              
1002ec7b  ti_sysbios_BIOS_RtsGateProxy_leave__E                              
1002ec7f  ti_sysbios_family_arm_cc26xx_Timer_getExpiredTicks__E              
1002ec83  ti_sysbios_family_arm_cc26xx_Timer_getPeriod__E                    
1002ec87  ti_sysbios_family_arm_cc26xx_Timer_setPeriod__E                    
1002ec8b  ti_sysbios_family_arm_m3_Hwi_delete                                
1002ec8f  ti_sysbios_family_arm_m3_TaskSupport_Module__startupDone__S        
1002ec8f  ti_sysbios_knl_Task_SupportProxy_Module__startupDone__S            
1002ec93  ti_sysbios_gates_GateHwi_query__E                                  
1002ec93  xdc_runtime_Main_Module_GateProxy_query__E                         
1002ec93  xdc_runtime_System_Module_GateProxy_query__E                       
1002ec93  xdc_runtime_System_Module_GateProxy_query__E                       
1002ec97  ti_sysbios_gates_GateMutex_delete                                  
1002ec9b  ti_sysbios_BIOS_RtsGateProxy_query__E                              
1002ec9b  ti_sysbios_BIOS_RtsGateProxy_query__E                              
1002ec9b  ti_sysbios_gates_GateMutex_query__E                                
1002ec9b  ti_sysbios_heaps_HeapMem_Module_GateProxy_query__E                 
1002ec9b  ti_sysbios_heaps_HeapMem_Module_GateProxy_query__E                 
1002ec9f  ti_sysbios_hal_Hwi_HwiProxy_create                                 
1002eca3  ti_sysbios_hal_Hwi_HwiProxy_delete                                 
1002eca7  ti_sysbios_hal_Hwi_delete                                          
1002ecab  ti_sysbios_heaps_HeapMem_Module_GateProxy_enter__E                 
1002ecaf  ti_sysbios_heaps_HeapMem_Module_GateProxy_leave__E                 
1002ecb3  ti_sysbios_knl_Clock_TimerProxy_getExpiredTicks__E                 
1002ecb7  ti_sysbios_knl_Clock_TimerProxy_getPeriod__E                       
1002ecbb  ti_sysbios_knl_Clock_delete                                        
1002ecbf  ti_sysbios_knl_Clock_removeI__E                                    
1002ecc3  ti_sysbios_knl_Clock_setTimeout__E                                 
1002ecc7  ti_sysbios_knl_Event_delete                                        
1002eccb  ti_sysbios_knl_Mailbox_delete                                      
1002eccf  ti_sysbios_knl_Queue_delete                                        
1002ecd3  ti_sysbios_knl_Queue_head__E                                       
1002ecd7  ti_sysbios_knl_Queue_next__E                                       
1002ecdb  ti_sysbios_knl_Semaphore_delete                                    
1002ecdf  ti_sysbios_knl_Swi_delete                                          
1002ece3  ti_sysbios_knl_Swi_postInit__I                                     
1002ece7  ti_sysbios_knl_Task_delete                                         
1002eceb  ti_sysbios_knl_Task_startup__E                                     
1002ecf1  xdc_runtime_System_doPrint__I                                      
1002f055  xdc_runtime_Startup_startMods__I                                   
1002f15d  xdc_runtime_Text_putSite__E                                        
1002f1f7  xdc_runtime_Error_policySpin__E                                    
1002f1f9  xdc_runtime_Text_putMod__E                                         
1002f289  xdc_runtime_Memory_alloc__E                                        
1002f2f9  xdc_runtime_Core_createObject__I                                   
1002f367  xdc_runtime_Core_deleteObject__I                                   
1002f3c5  xdc_runtime_Text_putLab__E                                         
1002f421  xdc_runtime_Assert_raise__I                                        
1002f475  xdc_runtime_Startup_exec__E                                        
1002f4c9  xdc_runtime_Core_assignParams__I                                   
1002f511  xdc_runtime_Core_constructObject__I                                
1002f559  xdc_runtime_System_atexit__E                                       
1002f5a1  xdc_runtime_Text_xprintf__I                                        
1002f5e5  xdc_runtime_System_processAtExit__E                                
1002f625  xdc_runtime_System_putchar__I                                      
1002f659  xdc_runtime_Core_assignLabel__I                                    
1002f689  xdc_runtime_Text_printVisFxn__I                                    
1002f6b9  xdc_runtime_System_vprintf__E                                      
1002f6e5  xdc_runtime_Text_cordText__E                                       
1002f711  xdc_runtime_System_abort__E                                        
1002f739  xdc_runtime_Error_raiseX__E                                        
1002f759  xdc_runtime_Registry_findById__E                                   
1002f779  xdc_runtime_Error_check__E                                         
1002f795  xdc_runtime_Memory_valloc__E                                       
1002f7b1  xdc_runtime_System_exit__E                                         
1002f7cd  xdc_runtime_Text_ropeText__E                                       
1002f7e9  xdc_runtime_System_printf__E                                       
1002f803  xdc_runtime_Core_destructObject__I                                 
1002f81b  xdc_runtime_System_abortSpin__E                                    
1002f81d  xdc_runtime_Memory_free__E                                         
1002f831  xdc_runtime_Memory_getStats__E                                     
1002f845  xdc_runtime_SysCallback_abort__E                                   
1002f845  xdc_runtime_System_SupportProxy_abort__E                           
1002f859  xdc_runtime_SysCallback_exit__E                                    
1002f859  xdc_runtime_System_SupportProxy_exit__E                            
1002f86d  xdc_runtime_SysCallback_flush__E                                   
1002f86d  xdc_runtime_System_SupportProxy_flush__E                           
1002f86d  xdc_runtime_System_flush__E                                        
1002f881  xdc_runtime_SysCallback_putch__E                                   
1002f881  xdc_runtime_System_SupportProxy_putch__E                           
1002f895  xdc_runtime_SysCallback_ready__E                                   
1002f895  xdc_runtime_System_SupportProxy_ready__E                           
1002f8a9  xdc_runtime_Memory_getMaxDefaultTypeAlign__E                       
1002f8b9  xdc_runtime_System_vsnprintf__E                                    
1002f8c9  xdc_runtime_Timestamp_SupportProxy_get32__E                        
1002f8c9  xdc_runtime_Timestamp_SupportProxy_get32__E                        
1002f8c9  xdc_runtime_Timestamp_get32__E                                     
1002f8c9  xdc_runtime_Timestamp_get32__E                                     
1002f8d9  xdc_runtime_Memory_calloc__E                                       
1002f8e5  xdc_runtime_Startup_rtsDone__E                                     
1002f8f1  xdc_runtime_Memory_HeapProxy_alloc__E                              
1002f8fb  xdc_runtime_Memory_HeapProxy_free__E                               
1002f905  xdc_runtime_Memory_HeapProxy_getStats__E                           
1002f90f  xdc_runtime_Gate_leaveSystem__E                                    
1002f915  xdc_runtime_System_Module_startup__E                               
1002f91b  xdc_runtime_Gate_enterSystem__E                                    
1002f91f  xdc_runtime_SysCallback_Module__startupDone__S                     
1002f91f  xdc_runtime_System_SupportProxy_Module__startupDone__S             
1002f923  xdc_runtime_System_Module_GateProxy_enter__E                       
1002f927  xdc_runtime_System_Module_GateProxy_leave__E                       
1002f92b  xdc_runtime_System_printf_va__F                                    
1002f92f  xdc_runtime_System_exitSpin__E                                     
1002f931  ti_sysbios_family_arm_m3_Hwi_dispatch__I                           
1002fa11  ti_sysbios_family_arm_m3_Hwi_interruptsAreDisabledButShouldNotBe   
1002fa2d  ti_sysbios_family_arm_m3_TaskSupport_buildTaskStack                
1002fab9  ti_sysbios_family_arm_m3_Hwi_initStacks__E                         
1002fb11  ti_sysbios_family_arm_m3_Hwi_pendSV__I                             
1002fb35  ti_sysbios_family_arm_m3_Hwi_return                                
1002fb39  ti_sysbios_family_arm_m3_Hwi_excHandlerAsm__I                      
1002fb59  ti_sysbios_family_xxx_Hwi_switchAndRunFunc                         
1002fb77  ti_sysbios_family_arm_m3_TaskSupport_swap__E                       
1002fb77  ti_sysbios_knl_Task_SupportProxy_swap__E                           
1002fb77  ti_sysbios_knl_Task_SupportProxy_swap__E                           
1002fb83  ti_sysbios_knl_Task_swapReturn                                     
1002fb8f  ti_sysbios_family_arm_m3_TaskSupport_glue                          
1002fba0  ti_sysbios_knl_Task_Object__PARAMS__C                              
1002fbdc  ti_sysbios_knl_Mailbox_Object__PARAMS__C                           
1002fc10  ti_sysbios_family_arm_m3_Hwi_Object__PARAMS__C                     
1002fc40  ti_sysbios_hal_Hwi_Object__PARAMS__C                               
1002fc6c  ti_sysbios_knl_Swi_Object__PARAMS__C                               
1002fc94  ti_sysbios_heaps_HeapMem_Object__PARAMS__C                         
1002fcb8  ti_sysbios_knl_Clock_Object__PARAMS__C                             
1002fcdc  ti_sysbios_knl_Semaphore_Object__PARAMS__C                         
1002fd00  ti_sysbios_gates_GateHwi_Object__PARAMS__C                         
1002fd18  ti_sysbios_gates_GateMutex_Object__PARAMS__C                       
1002fd30  ti_sysbios_knl_Event_Object__PARAMS__C                             
1002fd48  ti_sysbios_knl_Queue_Object__PARAMS__C                             
1002fd80  ti_sysbios_heaps_HeapTrack_Object__PARAMS__C                       
1002fd9c  ti_sysbios_heaps_HeapTrack_Instance_State_trackQueue__O            
1002fda0  ti_sysbios_heaps_HeapTrack_Module__diagsEnabled__C                 
1002fda4  ti_sysbios_heaps_HeapTrack_Module__diagsIncluded__C                
1002fda8  ti_sysbios_heaps_HeapTrack_Module__diagsMask__C                    
1002fddb  strlen                                                             
20000000  __start___llvm_prf_cnts                                            
20000000  __stop___llvm_prf_cnts                                             
20000000  ti_sysbios_family_arm_m3_Hwi_ramVectors                            
20000100  xdcRomConstPtr                                                     
20000104  xdcRomExternFuncPtr                                                
20000108  xdcRomStatePtr                                                     
20000510  ti_sysbios_knl_Task_Instance_State_0_stack__A                      
20000710  uart2CC26X2Objects                                                 
20000908  __CIOBUF_                                                          
20000b28  spiCC26X2DMAObjects                                                
20000c28  ti_sysbios_family_arm_m3_Hwi_dispatchTable                         
20000d00  __TI_tmpnams                                                       
20000da0  buffer                                                             
20000dd2  rbuffer                                                            
20000e04  buf_fc                                                             
20000e38  gpioCallbackFunctions                                              
20000eb4  gpioUserArgs                                                       
20000f70  udmaCC26XXObject                                                   
20000fc8  displayUart2Object                                                 
20000fd4  nvsSPI25XObjects                                                   
20000fe0  parmbuf                                                            
20000fec  PowerCC26XX_swiKey                                                 
20000ff0  PowerCC26XX_taskKey                                                
20000ff8  PowerCC26X2_module                                                 
20001168  ROM_stateStruct                                                    
20001168  ti_sysbios_knl_Clock_Module__state__V                              
20001194  ti_sysbios_family_arm_cc26xx_TimestampProvider_Module__state__V    
20001198  xdc_runtime_Startup_Module__state__V                               
200011a0  xdc_runtime_Registry_Module__state__V                              
200011a8  ti_sysbios_BIOS_Module__state__V                                   
200011cc  ti_sysbios_knl_Swi_Module__state__V                                
200011e8  ti_sysbios_knl_Task_Module__state__V                               
2000122c  xdc_runtime_Memory_Module__state__V                                
20001230  xdc_runtime_System_Module__state__V                                
20001238  ti_sysbios_family_arm_m3_Hwi_Module__state__V                      
2000126c  ti_sysbios_family_arm_cc26xx_Timer_Module__state__V                
20001274  _ftable                                                            
20001418  gpioPinConfigs                                                     
20001494  _device                                                            
2000150c  _stream                                                            
2000155c  ti_sysbios_knl_Task_Object__table__V                               
200015a8  ti_sysbios_family_arm_cc26xx_Timer_Object__table__V                
200015f0  ti_sysbios_gates_GateMutex_Object__table__V                        
20001628  ti_sysbios_knl_Swi_Module_State_0_readyQ__A                        
20001658  ti_sysbios_knl_Swi_Object__table__V                                
20001688  ti_sysbios_knl_Task_Module_State_0_readyQ__A                       
200016b8  _hposcCoeffs                                                       
200016dc  ti_sysbios_knl_Clock_Object__table__V                              
200016fc  xdc_runtime_Error_IgnoreBlock                                      
2000171c  ti_sysbios_family_arm_m3_Hwi_Object__table__V                      
20001734  ti_sysbios_heaps_HeapMem_Object__table__V                          
2000174c  __TI_ft_end                                                        
20001750  __aeabi_stdin                                                      
20001754  __aeabi_stdout                                                     
20001758  __aeabi_stderr                                                     
2000175c  __TI_cleanup_ptr                                                   
20001760  __TI_dtors_ptr                                                     
20001764  __TI_enable_exit_profile_output                                    
20001768  _lock                                                              
2000176c  _unlock                                                            
20001770  ti_sysbios_family_arm_m3_Hwi_Module__root__V                       
20001778  ti_sysbios_gates_GateHwi_Module__root__V                           
20001780  ti_sysbios_gates_GateMutex_Module__root__V                         
20001788  ti_sysbios_hal_Hwi_Module__root__V                                 
20001790  ti_sysbios_heaps_HeapMem_Module__root__V                           
20001798  ti_sysbios_knl_Clock_Module__root__V                               
200017a0  ti_sysbios_knl_Event_Module__root__V                               
200017a8  ti_sysbios_knl_Mailbox_Module__root__V                             
200017b0  ti_sysbios_knl_Queue_Module__root__V                               
200017b8  ti_sysbios_knl_Semaphore_Module__root__V                           
200017c0  ti_sysbios_knl_Swi_Module__root__V                                 
200017c8  ti_sysbios_knl_Task_Module__root__V                                
200017d0  xdc_runtime_System_Module_State_0_atexitHandlers__A                
200017e0  main_func_sp                                                       
200017e8  ti_sysbios_family_arm_m3_Hwi_Module_State_0_excContext__A          
200017ec  ti_sysbios_family_arm_m3_Hwi_Module_State_0_excStack__A            
200017f0  ti_sysbios_knl_Task_Module_State_0_idleTask__A                     
200017f4  ti_sysbios_family_arm_m3_Hwi_Module_State_0_excActive__A           
20001a50  __primary_heap_start__                                             
20005a50  __primary_heap_end__                                               
20013c00  __stack                                                            
20014000  __STACK_END                                                        
e000e000  ti_sysbios_family_arm_m3_Hwi_nvic                                  
ffffffff  __TI_pprof_out_hndl                                                
ffffffff  __TI_prof_data_size                                                
ffffffff  __TI_prof_data_start                                               
ffffffff  __binit__                                                          
ffffffff  __c_args__                                                         
ffffffff  binit                                                              
UNDEFED   ITM_flush                                                          
UNDEFED   ITM_restore                                                        
UNDEFED   PIN_hwi_bypass                                                     
UNDEFED   SHT$$INIT_ARRAY$$Base                                              
UNDEFED   SHT$$INIT_ARRAY$$Limit                                             

[1000 symbols]
